
==========================================
开始时间: 
2026-06-22 12:02:28
==========================================
=== 检查输入文件 ===
-rwxr--r-- 1 root root 10655 6月  15 14:17 /data/data.xlsx
=== 开始运行 dealdata.py ===

✅ dealdata.py 运行完成！
⏱️  总耗时: 1.044 秒
📁 输入目录: /data
📁 输出目录: /output
📄 生成文件:
   - sample.txt
   - sample-metadata.tsv

real	0m5.450s
user	0m3.501s
sys	0m1.868s
==========================================
结束时间: 
2026-06-22 12:02:33
==========================================
