
==========================================
开始时间: 
2026-06-22 12:06:05
==========================================
=== 检查输入文件 ===
-rwxr--r-- 1 root root 10655 6月  15 14:17 /data/data.xlsx
fastq 文件数: 
12
=== 开始运行 dealdata.py 和 check_fastq_mapping_update.py ===

✅ dealdata.py 运行完成！
⏱️  总耗时: 0.365 秒
📁 输入目录: /data
📁 输出目录: /metadatadir
📄 生成文件:
   - sample.txt
   - sample-metadata.tsv
🔍 开始 fastq 映射验证...
✅ All checks passed!
⏱️  耗时: 0.014 秒

real	0m3.165s
user	0m2.375s
sys	0m0.764s
==========================================
结束时间: 
2026-06-22 12:06:09
==========================================
