
==========================================
开始时间: 
2026-06-22 12:05:02
==========================================
=== 检查输入文件 ===
-rwxr--r-- 1 root root 10655 6月  15 14:17 /data/data.xlsx
fastq 文件数: 
12
=== 开始运行 dealdata.py 和 check_fastq_mapping.py ===

✅ dealdata.py 运行完成！
⏱️  总耗时: 0.924 秒
📁 输入目录: /data
📁 输出目录: /metadatadir
📄 生成文件:
   - sample.txt
   - sample-metadata.tsv
✅ All checks passed!

real	0m3.826s
user	0m2.847s
sys	0m0.935s
==========================================
结束时间: 
2026-06-22 12:05:06
==========================================
