==========================================
开始时间: 
2026-06-26 18:16:39
==========================================
=== 检查输入文件 ===
-rw-r--r-- 1 root root 71 6月  22 12:06 /metadatadir/sample.txt
=== 开始运行 megahit_update (V2) ===
[INFO] Running megahit with PARALLEL_J=6, MEGAHIT_T=12, MIN_COUNT_ARG='', MEMFREE=30G
Academic tradition requires you to cite works you base your article on.
If you use programs that use GNU Parallel to process data for an article in a
scientific publication, please cite:

  Tange, O. (2023, August 22). GNU Parallel 20230822 ('Chandrayaan').
  Zenodo. https://doi.org/10.5281/zenodo.8278274

This helps funding further development; AND IT WON'T COST YOU A CENT.
If you pay 10000 EUR you should feel free to use GNU Parallel without citing.

More about funding GNU Parallel and the citation notice:
https://www.gnu.org/software/parallel/parallel_design.html#citation-notice

To silence this citation notice: run 'parallel --citation' once.

megahit -t 12  -1 /cleandata/CK-1_clean_1.fastq.gz -2 /cleandata/CK-1_clean_2.fastq.gz -o /megahit/CK-1
megahit -t 12  -1 /cleandata/CK-2_clean_1.fastq.gz -2 /cleandata/CK-2_clean_2.fastq.gz -o /megahit/CK-2
megahit -t 12  -1 /cleandata/CK-3_clean_1.fastq.gz -2 /cleandata/CK-3_clean_2.fastq.gz -o /megahit/CK-3
megahit -t 12  -1 /cleandata/T-1_clean_1.fastq.gz -2 /cleandata/T-1_clean_2.fastq.gz -o /megahit/T-1
megahit -t 12  -1 /cleandata/T-2_clean_1.fastq.gz -2 /cleandata/T-2_clean_2.fastq.gz -o /megahit/T-2
megahit -t 12  -1 /cleandata/T-3_clean_1.fastq.gz -2 /cleandata/T-3_clean_2.fastq.gz -o /megahit/T-3
2026-06-26 18:16:44 - MEGAHIT v1.2.9
2026-06-26 18:16:44 - Using megahit_core with POPCNT support
2026-06-26 18:16:44 - Convert reads to binary library
2026-06-26 18:21:16 - b'INFO  sequence/io/sequence_lib.cpp  :   75 - Lib 0 (/cleandata/CK-2_clean_1.fastq.gz,/cleandata/CK-2_clean_2.fastq.gz): pe, 44745884 reads, 150 max length'
2026-06-26 18:21:18 - b'INFO  utils/utils.h                 :  152 - Real: 272.7201\tuser: 107.0494\tsys: 10.5196\tmaxrss: 256104'
2026-06-26 18:21:19 - k-max reset to: 141 
2026-06-26 18:21:19 - Start assembly. Number of CPU threads 12 
2026-06-26 18:21:19 - k list: 21,29,39,59,79,99,119,141 
2026-06-26 18:21:19 - Memory used: 121397708390
2026-06-26 18:21:19 - Extract solid (k+1)-mers for k = 21 
2026-06-26 18:35:15 - Build graph for k = 21 
2026-06-26 19:28:41 - Assemble contigs from SdBG for k = 21
2026-06-26 20:46:06 - Local assembly for k = 21
2026-06-26 20:50:38 - Extract iterative edges from k = 21 to 29 
2026-06-26 20:58:37 - Build graph for k = 29 
2026-06-26 21:09:27 - Assemble contigs from SdBG for k = 29
2026-06-26 21:50:17 - Local assembly for k = 29
2026-06-26 22:06:04 - Extract iterative edges from k = 29 to 39 
2026-06-26 22:09:41 - Build graph for k = 39 
2026-06-26 22:15:58 - Assemble contigs from SdBG for k = 39
2026-06-26 22:44:57 - Local assembly for k = 39
2026-06-26 23:05:00 - Extract iterative edges from k = 39 to 59 
2026-06-26 23:06:54 - Build graph for k = 59 
2026-06-26 23:12:52 - Assemble contigs from SdBG for k = 59
2026-06-26 23:33:57 - Local assembly for k = 59
2026-06-27 00:05:22 - Extract iterative edges from k = 59 to 79 
2026-06-27 00:06:48 - Build graph for k = 79 
2026-06-27 00:10:56 - Assemble contigs from SdBG for k = 79
2026-06-27 00:26:59 - Local assembly for k = 79
2026-06-27 00:44:22 - Extract iterative edges from k = 79 to 99 
2026-06-27 00:45:21 - Build graph for k = 99 
2026-06-27 00:48:37 - Assemble contigs from SdBG for k = 99
2026-06-27 01:02:51 - Local assembly for k = 99
2026-06-27 01:16:59 - Extract iterative edges from k = 99 to 119 
2026-06-27 01:17:49 - Build graph for k = 119 
2026-06-27 01:20:46 - Assemble contigs from SdBG for k = 119
2026-06-27 01:31:06 - Local assembly for k = 119
2026-06-27 01:41:31 - Extract iterative edges from k = 119 to 141 
2026-06-27 01:42:05 - Build graph for k = 141 
2026-06-27 01:44:14 - Assemble contigs from SdBG for k = 141
2026-06-27 01:54:43 - Merging to output final contigs 
2026-06-27 01:54:47 - 808895 contigs, total 597606862 bp, min 200 bp, max 155672 bp, avg 738 bp, N50 797 bp
2026-06-27 01:54:48 - ALL DONE. Time elapsed: 27484.129445 seconds 
2026-06-26 18:16:44 - MEGAHIT v1.2.9
2026-06-26 18:16:44 - Using megahit_core with POPCNT support
2026-06-26 18:16:44 - Convert reads to binary library
2026-06-26 18:21:28 - b'INFO  sequence/io/sequence_lib.cpp  :   75 - Lib 0 (/cleandata/T-1_clean_1.fastq.gz,/cleandata/T-1_clean_2.fastq.gz): pe, 52615340 reads, 150 max length'
2026-06-26 18:21:29 - b'INFO  utils/utils.h                 :  152 - Real: 284.2927\tuser: 121.7142\tsys: 10.9534\tmaxrss: 256144'
2026-06-26 18:21:30 - k-max reset to: 141 
2026-06-26 18:21:30 - Start assembly. Number of CPU threads 12 
2026-06-26 18:21:30 - k list: 21,29,39,59,79,99,119,141 
2026-06-26 18:21:30 - Memory used: 121397708390
2026-06-26 18:21:30 - Extract solid (k+1)-mers for k = 21 
2026-06-26 18:49:39 - Build graph for k = 21 
2026-06-26 20:05:14 - Assemble contigs from SdBG for k = 21
2026-06-26 21:45:47 - Local assembly for k = 21
2026-06-26 21:53:26 - Extract iterative edges from k = 21 to 29 
2026-06-26 22:02:43 - Build graph for k = 29 
2026-06-26 22:16:04 - Assemble contigs from SdBG for k = 29
2026-06-26 22:55:38 - Local assembly for k = 29
2026-06-26 23:10:21 - Extract iterative edges from k = 29 to 39 
2026-06-26 23:13:45 - Build graph for k = 39 
2026-06-26 23:23:12 - Assemble contigs from SdBG for k = 39
2026-06-26 23:55:08 - Local assembly for k = 39
2026-06-27 00:18:50 - Extract iterative edges from k = 39 to 59 
2026-06-27 00:21:05 - Build graph for k = 59 
2026-06-27 00:28:18 - Assemble contigs from SdBG for k = 59
2026-06-27 00:59:31 - Local assembly for k = 59
2026-06-27 01:21:34 - Extract iterative edges from k = 59 to 79 
2026-06-27 01:22:54 - Build graph for k = 79 
2026-06-27 01:28:26 - Assemble contigs from SdBG for k = 79
2026-06-27 01:48:05 - Local assembly for k = 79
2026-06-27 02:04:20 - Extract iterative edges from k = 79 to 99 
2026-06-27 02:05:27 - Build graph for k = 99 
2026-06-27 02:09:01 - Assemble contigs from SdBG for k = 99
2026-06-27 02:31:35 - Local assembly for k = 99
2026-06-27 02:45:10 - Extract iterative edges from k = 99 to 119 
2026-06-27 02:46:01 - Build graph for k = 119 
2026-06-27 02:48:57 - Assemble contigs from SdBG for k = 119
2026-06-27 03:02:47 - Local assembly for k = 119
2026-06-27 03:12:53 - Extract iterative edges from k = 119 to 141 
2026-06-27 03:13:26 - Build graph for k = 141 
2026-06-27 03:15:44 - Assemble contigs from SdBG for k = 141
2026-06-27 03:27:25 - Merging to output final contigs 
2026-06-27 03:27:30 - 1048156 contigs, total 814181163 bp, min 200 bp, max 366185 bp, avg 776 bp, N50 861 bp
2026-06-27 03:27:33 - ALL DONE. Time elapsed: 33049.557064 seconds 
2026-06-26 18:16:44 - MEGAHIT v1.2.9
2026-06-26 18:16:44 - Using megahit_core with POPCNT support
2026-06-26 18:16:44 - Convert reads to binary library
2026-06-26 18:21:32 - b'INFO  sequence/io/sequence_lib.cpp  :   75 - Lib 0 (/cleandata/CK-3_clean_1.fastq.gz,/cleandata/CK-3_clean_2.fastq.gz): pe, 48464054 reads, 150 max length'
2026-06-26 18:21:34 - b'INFO  utils/utils.h                 :  152 - Real: 288.8657\tuser: 115.9788\tsys: 10.2318\tmaxrss: 256172'
2026-06-26 18:21:35 - k-max reset to: 141 
2026-06-26 18:21:35 - Start assembly. Number of CPU threads 12 
2026-06-26 18:21:35 - k list: 21,29,39,59,79,99,119,141 
2026-06-26 18:21:35 - Memory used: 121397708390
2026-06-26 18:21:35 - Extract solid (k+1)-mers for k = 21 
2026-06-26 18:34:35 - Build graph for k = 21 
2026-06-26 21:00:53 - Assemble contigs from SdBG for k = 21
2026-06-26 22:30:28 - Local assembly for k = 21
2026-06-26 22:35:16 - Extract iterative edges from k = 21 to 29 
2026-06-26 22:44:04 - Build graph for k = 29 
2026-06-26 22:55:28 - Assemble contigs from SdBG for k = 29
2026-06-26 23:30:05 - Local assembly for k = 29
2026-06-26 23:45:19 - Extract iterative edges from k = 29 to 39 
2026-06-26 23:48:22 - Build graph for k = 39 
2026-06-26 23:55:50 - Assemble contigs from SdBG for k = 39
2026-06-27 00:22:38 - Local assembly for k = 39
2026-06-27 00:45:35 - Extract iterative edges from k = 39 to 59 
2026-06-27 00:47:32 - Build graph for k = 59 
2026-06-27 00:54:31 - Assemble contigs from SdBG for k = 59
2026-06-27 01:17:35 - Local assembly for k = 59
2026-06-27 01:45:15 - Extract iterative edges from k = 59 to 79 
2026-06-27 01:47:00 - Build graph for k = 79 
2026-06-27 01:51:19 - Assemble contigs from SdBG for k = 79
2026-06-27 02:06:20 - Local assembly for k = 79
2026-06-27 02:23:15 - Extract iterative edges from k = 79 to 99 
2026-06-27 02:24:20 - Build graph for k = 99 
2026-06-27 02:27:38 - Assemble contigs from SdBG for k = 99
2026-06-27 02:41:00 - Local assembly for k = 99
2026-06-27 02:53:29 - Extract iterative edges from k = 99 to 119 
2026-06-27 02:54:20 - Build graph for k = 119 
2026-06-27 02:56:47 - Assemble contigs from SdBG for k = 119
2026-06-27 03:07:35 - Local assembly for k = 119
2026-06-27 03:17:07 - Extract iterative edges from k = 119 to 141 
2026-06-27 03:17:36 - Build graph for k = 141 
2026-06-27 03:19:27 - Assemble contigs from SdBG for k = 141
2026-06-27 03:28:22 - Merging to output final contigs 
2026-06-27 03:28:30 - 872148 contigs, total 643544404 bp, min 200 bp, max 197664 bp, avg 737 bp, N50 794 bp
2026-06-27 03:28:34 - ALL DONE. Time elapsed: 33110.237414 seconds 
2026-06-26 18:16:44 - MEGAHIT v1.2.9
2026-06-26 18:16:44 - Using megahit_core with POPCNT support
2026-06-26 18:16:44 - Convert reads to binary library
2026-06-26 18:21:36 - b'INFO  sequence/io/sequence_lib.cpp  :   75 - Lib 0 (/cleandata/T-2_clean_1.fastq.gz,/cleandata/T-2_clean_2.fastq.gz): pe, 56688010 reads, 150 max length'
2026-06-26 18:21:36 - b'INFO  utils/utils.h                 :  152 - Real: 292.5096\tuser: 126.9885\tsys: 11.3989\tmaxrss: 256092'
2026-06-26 18:21:37 - k-max reset to: 141 
2026-06-26 18:21:37 - Start assembly. Number of CPU threads 12 
2026-06-26 18:21:37 - k list: 21,29,39,59,79,99,119,141 
2026-06-26 18:21:37 - Memory used: 121397708390
2026-06-26 18:21:37 - Extract solid (k+1)-mers for k = 21 
2026-06-26 18:49:28 - Build graph for k = 21 
2026-06-26 19:41:06 - Assemble contigs from SdBG for k = 21
2026-06-26 21:12:57 - Local assembly for k = 21
2026-06-26 21:20:00 - Extract iterative edges from k = 21 to 29 
2026-06-26 21:30:33 - Build graph for k = 29 
2026-06-26 21:44:39 - Assemble contigs from SdBG for k = 29
2026-06-26 22:33:53 - Local assembly for k = 29
2026-06-26 22:56:13 - Extract iterative edges from k = 29 to 39 
2026-06-26 23:01:26 - Build graph for k = 39 
2026-06-26 23:10:44 - Assemble contigs from SdBG for k = 39
2026-06-26 23:49:40 - Local assembly for k = 39
2026-06-27 00:14:33 - Extract iterative edges from k = 39 to 59 
2026-06-27 00:17:18 - Build graph for k = 59 
2026-06-27 00:27:14 - Assemble contigs from SdBG for k = 59
2026-06-27 00:59:36 - Local assembly for k = 59
2026-06-27 01:37:22 - Extract iterative edges from k = 59 to 79 
2026-06-27 01:39:14 - Build graph for k = 79 
2026-06-27 01:45:23 - Assemble contigs from SdBG for k = 79
2026-06-27 02:08:10 - Local assembly for k = 79
2026-06-27 02:25:03 - Extract iterative edges from k = 79 to 99 
2026-06-27 02:26:19 - Build graph for k = 99 
2026-06-27 02:30:28 - Assemble contigs from SdBG for k = 99
2026-06-27 02:47:55 - Local assembly for k = 99
2026-06-27 03:00:35 - Extract iterative edges from k = 99 to 119 
2026-06-27 03:01:33 - Build graph for k = 119 
2026-06-27 03:04:41 - Assemble contigs from SdBG for k = 119
2026-06-27 03:19:13 - Local assembly for k = 119
2026-06-27 03:29:53 - Extract iterative edges from k = 119 to 141 
2026-06-27 03:30:23 - Build graph for k = 141 
2026-06-27 03:32:23 - Assemble contigs from SdBG for k = 141
2026-06-27 03:44:12 - Merging to output final contigs 
2026-06-27 03:44:16 - 1121398 contigs, total 865477830 bp, min 200 bp, max 309936 bp, avg 771 bp, N50 852 bp
2026-06-27 03:44:17 - ALL DONE. Time elapsed: 34053.389389 seconds 
2026-06-26 18:16:44 - MEGAHIT v1.2.9
2026-06-26 18:16:44 - Using megahit_core with POPCNT support
2026-06-26 18:16:44 - Convert reads to binary library
2026-06-26 18:21:30 - b'INFO  sequence/io/sequence_lib.cpp  :   75 - Lib 0 (/cleandata/CK-1_clean_1.fastq.gz,/cleandata/CK-1_clean_2.fastq.gz): pe, 56539662 reads, 150 max length'
2026-06-26 18:21:31 - b'INFO  utils/utils.h                 :  152 - Real: 286.1723\tuser: 129.7078\tsys: 11.7963\tmaxrss: 256124'
2026-06-26 18:21:33 - k-max reset to: 141 
2026-06-26 18:21:33 - Start assembly. Number of CPU threads 12 
2026-06-26 18:21:33 - k list: 21,29,39,59,79,99,119,141 
2026-06-26 18:21:33 - Memory used: 121397708390
2026-06-26 18:21:33 - Extract solid (k+1)-mers for k = 21 
2026-06-26 18:49:39 - Build graph for k = 21 
2026-06-26 20:03:03 - Assemble contigs from SdBG for k = 21
2026-06-26 21:42:31 - Local assembly for k = 21
2026-06-26 21:48:55 - Extract iterative edges from k = 21 to 29 
2026-06-26 21:59:34 - Build graph for k = 29 
2026-06-26 22:11:18 - Assemble contigs from SdBG for k = 29
2026-06-26 22:58:57 - Local assembly for k = 29
2026-06-26 23:14:01 - Extract iterative edges from k = 29 to 39 
2026-06-26 23:17:51 - Build graph for k = 39 
2026-06-26 23:26:38 - Assemble contigs from SdBG for k = 39
2026-06-27 00:02:06 - Local assembly for k = 39
2026-06-27 00:41:56 - Extract iterative edges from k = 39 to 59 
2026-06-27 00:45:58 - Build graph for k = 59 
2026-06-27 00:54:02 - Assemble contigs from SdBG for k = 59
2026-06-27 01:21:14 - Local assembly for k = 59
2026-06-27 01:58:36 - Extract iterative edges from k = 59 to 79 
2026-06-27 02:01:24 - Build graph for k = 79 
2026-06-27 02:07:10 - Assemble contigs from SdBG for k = 79
2026-06-27 02:29:35 - Local assembly for k = 79
2026-06-27 03:06:07 - Extract iterative edges from k = 79 to 99 
2026-06-27 03:08:07 - Build graph for k = 99 
2026-06-27 03:12:00 - Assemble contigs from SdBG for k = 99
2026-06-27 03:32:34 - Local assembly for k = 99
2026-06-27 03:50:54 - Extract iterative edges from k = 99 to 119 
2026-06-27 03:51:47 - Build graph for k = 119 
2026-06-27 03:54:07 - Assemble contigs from SdBG for k = 119
2026-06-27 04:04:59 - Local assembly for k = 119
2026-06-27 04:21:25 - Extract iterative edges from k = 119 to 141 
2026-06-27 04:21:50 - Build graph for k = 141 
2026-06-27 04:23:35 - Assemble contigs from SdBG for k = 141
2026-06-27 04:32:23 - Merging to output final contigs 
2026-06-27 04:32:29 - 1004086 contigs, total 745357879 bp, min 200 bp, max 336766 bp, avg 742 bp, N50 803 bp
2026-06-27 04:32:29 - ALL DONE. Time elapsed: 36945.821633 seconds 
2026-06-26 18:16:44 - MEGAHIT v1.2.9
2026-06-26 18:16:44 - Using megahit_core with POPCNT support
2026-06-26 18:16:44 - Convert reads to binary library
2026-06-26 18:22:36 - b'INFO  sequence/io/sequence_lib.cpp  :   75 - Lib 0 (/cleandata/T-3_clean_1.fastq.gz,/cleandata/T-3_clean_2.fastq.gz): pe, 71362650 reads, 150 max length'
2026-06-26 18:22:36 - b'INFO  utils/utils.h                 :  152 - Real: 351.8495\tuser: 160.0824\tsys: 15.3405\tmaxrss: 247908'
2026-06-26 18:22:36 - k-max reset to: 141 
2026-06-26 18:22:36 - Start assembly. Number of CPU threads 12 
2026-06-26 18:22:36 - k list: 21,29,39,59,79,99,119,141 
2026-06-26 18:22:36 - Memory used: 121397708390
2026-06-26 18:22:36 - Extract solid (k+1)-mers for k = 21 
2026-06-26 18:52:25 - Build graph for k = 21 
2026-06-26 20:03:54 - Assemble contigs from SdBG for k = 21
2026-06-26 22:20:10 - Local assembly for k = 21
2026-06-26 22:29:19 - Extract iterative edges from k = 21 to 29 
2026-06-26 22:45:44 - Build graph for k = 29 
2026-06-26 23:02:55 - Assemble contigs from SdBG for k = 29
2026-06-26 23:58:22 - Local assembly for k = 29
2026-06-27 00:19:44 - Extract iterative edges from k = 29 to 39 
2026-06-27 00:23:54 - Build graph for k = 39 
2026-06-27 00:34:46 - Assemble contigs from SdBG for k = 39
2026-06-27 01:19:52 - Local assembly for k = 39
2026-06-27 01:52:41 - Extract iterative edges from k = 39 to 59 
2026-06-27 01:55:26 - Build graph for k = 59 
2026-06-27 02:05:41 - Assemble contigs from SdBG for k = 59
2026-06-27 02:39:54 - Local assembly for k = 59
2026-06-27 03:08:57 - Extract iterative edges from k = 59 to 79 
2026-06-27 03:11:13 - Build graph for k = 79 
2026-06-27 03:19:47 - Assemble contigs from SdBG for k = 79
2026-06-27 03:46:38 - Local assembly for k = 79
2026-06-27 04:17:49 - Extract iterative edges from k = 79 to 99 
2026-06-27 04:19:00 - Build graph for k = 99 
2026-06-27 04:23:06 - Assemble contigs from SdBG for k = 99
2026-06-27 04:42:18 - Local assembly for k = 99
2026-06-27 05:07:16 - Extract iterative edges from k = 99 to 119 
2026-06-27 05:08:07 - Build graph for k = 119 
2026-06-27 05:11:15 - Assemble contigs from SdBG for k = 119
2026-06-27 05:25:46 - Local assembly for k = 119
2026-06-27 05:46:55 - Extract iterative edges from k = 119 to 141 
2026-06-27 05:47:27 - Build graph for k = 141 
2026-06-27 05:49:49 - Assemble contigs from SdBG for k = 141
2026-06-27 06:02:12 - Merging to output final contigs 
2026-06-27 06:02:18 - 1362938 contigs, total 1078357802 bp, min 200 bp, max 999195 bp, avg 791 bp, N50 892 bp
2026-06-27 06:02:20 - ALL DONE. Time elapsed: 42336.175762 seconds 
Academic tradition requires you to cite works you base your article on.
If you use programs that use GNU Parallel to process data for an article in a
scientific publication, please cite:

  Tange, O. (2023, August 22). GNU Parallel 20230822 ('Chandrayaan').
  Zenodo. https://doi.org/10.5281/zenodo.8278274

This helps funding further development; AND IT WON'T COST YOU A CENT.
If you pay 10000 EUR you should feel free to use GNU Parallel without citing.

More about funding GNU Parallel and the citation notice:
https://www.gnu.org/software/parallel/parallel_design.html#citation-notice

To silence this citation notice: run 'parallel --citation' once.

postprocess CK-1
postprocess CK-2
postprocess CK-3
postprocess T-1
postprocess T-2
postprocess T-3
[33m[WARN][0m you may switch on flag -g/--remove-gaps to remove spaces
[33m[WARN][0m you may switch on flag -g/--remove-gaps to remove spaces
[33m[WARN][0m you may switch on flag -g/--remove-gaps to remove spaces
[33m[WARN][0m you may switch on flag -g/--remove-gaps to remove spaces
[33m[WARN][0m you may switch on flag -g/--remove-gaps to remove spaces
[33m[WARN][0m you may switch on flag -g/--remove-gaps to remove spaces

real	705m43.488s
user	31036m34.279s
sys	268m27.114s
==========================================
结束时间: 
2026-06-27 06:02:23
==========================================
