==========================================
开始时间: 
2026-06-26 18:06:51
==========================================
=== 检查输入文件 ===
total 152760476
drwxr-xr-x  2 root root        4096 6月  23 20:00 .
drwxrwxr-x 22 1008 1009        4096 6月  26 18:06 ..
-rw-r--r--  1 root root    52071779 6月  23 19:56 CK-1_mapped_cut.txt
-rw-r--r--  1 root root    56582032 6月  23 19:56 CK-1_mapped.txt
-rw-r--r--  1 root root 22654186160 6月  23 18:36 CK-1.sam
-rw-r--r--  1 root root  3379536712 6月  23 19:55 CK-1.sort.bam
-rw-r--r--  1 root root   134102432 6月  23 19:56 CK-1.sort.bam.bai
-rw-r--r--  1 root root    51952096 6月  23 19:47 CK-2_mapped_cut.txt
-rw-r--r--  1 root root    56439927 6月  23 19:47 CK-2_mapped.txt
-rw-r--r--  1 root root 17937955786 6月  23 18:32 CK-2.sam
-rw-r--r--  1 root root  2725570391 6月  23 19:44 CK-2.sort.bam
-rw-r--r--  1 root root   128229968 6月  23 19:47 CK-2.sort.bam.bai
-rw-r--r--  1 root root    51989997 6月  23 19:50 CK-3_mapped_cut.txt
-rw-r--r--  1 root root    56483901 6月  23 19:50 CK-3_mapped.txt
-rw-r--r--  1 root root 19420655612 6月  23 18:30 CK-3.sam
-rw-r--r--  1 root root  2933170170 6月  23 19:47 CK-3.sort.bam
-rw-r--r--  1 root root   130234016 6月  23 19:49 CK-3.sort.bam.bai
-rw-r--r--  1 root root    68272318 6月  23 20:00 gene_count.csv
-rw-r--r--  1 root root   236184096 6月  23 20:00 gene_tpm.csv
-rw-r--r--  1 root root         195 6月  23 17:08 sample1.txt
-rw-r--r--  1 root root         195 6月  23 17:08 sample2.txt
-rw-r--r--  1 root root         177 6月  23 17:08 sample.name.txt
-rw-r--r--  1 root root    52096597 6月  23 19:51 T-1_mapped_cut.txt
-rw-r--r--  1 root root    56598215 6月  23 19:51 T-1_mapped.txt
-rw-r--r--  1 root root 21064991097 6月  23 18:33 T-1.sam
-rw-r--r--  1 root root  3205800593 6月  23 19:49 T-1.sort.bam
-rw-r--r--  1 root root   142951664 6月  23 19:51 T-1.sort.bam.bai
-rw-r--r--  1 root root    52144212 6月  23 19:56 T-2_mapped_cut.txt
-rw-r--r--  1 root root    56650862 6月  23 19:56 T-2_mapped.txt
-rw-r--r--  1 root root 22690893852 6月  23 18:33 T-2.sam
-rw-r--r--  1 root root  3404459378 6月  23 19:55 T-2.sort.bam
-rw-r--r--  1 root root   144506936 6月  23 19:55 T-2.sort.bam.bai
-rw-r--r--  1 root root    52304960 6月  23 19:59 T-3_mapped_cut.txt
-rw-r--r--  1 root root    56846322 6月  23 19:59 T-3_mapped.txt
-rw-r--r--  1 root root 28576437796 6月  23 18:52 T-3.sam
-rw-r--r--  1 root root  4182884403 6月  23 19:58 T-3.sort.bam
-rw-r--r--  1 root root   149673944 6月  23 19:59 T-3.sort.bam.bai
-rw-r--r--  1 root root   737723781 6月  23 17:20 uniq.1.bt2
-rw-r--r--  1 root root   322797956 6月  23 17:20 uniq.2.bt2
-rw-r--r--  1 root root    19922579 6月  23 17:08 uniq.3.bt2
-rw-r--r--  1 root root   322797951 6月  23 17:08 uniq.4.bt2
-rw-r--r--  1 root root   737723781 6月  23 17:32 uniq.rev.1.bt2
-rw-r--r--  1 root root   322797956 6月  23 17:32 uniq.rev.2.bt2
total 24736
drwxr-xr-x  3 root root       51 6月  25 20:52 .
drwxrwxr-x 22 1008 1009     4096 6月  26 18:06 ..
-rw-r--r--  1 root root 25324724 6月  25 20:52 Tax_id.tmp.txt
drwxr-xr-x  2 root root       10 6月  25 13:38 tmp
total 727108
drwxr-xr-x  2 root root        46 6月  26 12:15 .
drwxrwxr-x 22 1008 1009      4096 6月  26 18:06 ..
-rw-r--r--  1 root root 744554227 6月  26 12:15 func.emapper.annotations
total 812697856
drwxr-xr-x  3 root root         4096 6月  16 13:41 .
drwxr-xr-x 21 root root         4096 6月  17 04:15 ..
-rwxr-xr-x  1 root root   9269919744 6月  16 06:00 megan-map-Feb2022.db
-rwxr-xr-x  1 root root  32864722944 6月  16 06:29 megan-nr-r1.mdb
-rwxr-xr-x  1 root root   5381470406 6月  15 13:57 megan-nr-r1.zip
-rwxr-xr-x  1 root root   4852822016 6月  15 13:59 megan-nucl-Feb2022.db
-rw-r--r--  1 root root 394859290424 6月  16 11:49 metage2.dmnd
-rwxr-xr-x  1 root root  18991732071 6月  16 06:11 metage.acc2taxid.txt
-rwxr-xr-x  1 root root  12526166571 6月  16 13:41 metage.acc.txt
-rwxr-xr-x  1 root root 178174441830 6月  16 08:09 metage.dmnd
-rwxr-xr-x  1 root root 175125633446 6月  16 13:34 metage.fa
-rwxr-xr-x  1 root root      7559756 6月  16 08:09 metage.taxid.txt
-rwxr-xr-x  1 root root    148714494 6月  16 13:41 metage.taxonomy.txt
drwxr-xr-x  3 root root         4096 6月  15 13:59 NR20260202
=== 开始运行 anno ===

real	0m59.970s
user	0m57.058s
sys	0m6.525s

real	4m16.934s
user	4m4.396s
sys	0m15.816s
==========================================
结束时间: 
2026-06-26 18:12:09
==========================================
