==========================================
开始时间: 
2026-06-29 11:02:14
==========================================
=== 检查输入文件 ===
total 152760476
drwxr-xr-x  2 root root        4096 6月  23 20:00 .
drwxrwxr-x 24 1008 1009        4096 6月  29 11:00 ..
-rw-r--r--  1 root root    52071779 6月  23 19:56 CK-1_mapped_cut.txt
-rw-r--r--  1 root root    56582032 6月  23 19:56 CK-1_mapped.txt
-rw-r--r--  1 root root 22654186160 6月  23 18:36 CK-1.sam
-rw-r--r--  1 root root  3379536712 6月  23 19:55 CK-1.sort.bam
-rw-r--r--  1 root root   134102432 6月  23 19:56 CK-1.sort.bam.bai
-rw-r--r--  1 root root    51952096 6月  23 19:47 CK-2_mapped_cut.txt
-rw-r--r--  1 root root    56439927 6月  23 19:47 CK-2_mapped.txt
-rw-r--r--  1 root root 17937955786 6月  23 18:32 CK-2.sam
-rw-r--r--  1 root root  2725570391 6月  23 19:44 CK-2.sort.bam
-rw-r--r--  1 root root   128229968 6月  23 19:47 CK-2.sort.bam.bai
-rw-r--r--  1 root root    51989997 6月  23 19:50 CK-3_mapped_cut.txt
-rw-r--r--  1 root root    56483901 6月  23 19:50 CK-3_mapped.txt
-rw-r--r--  1 root root 19420655612 6月  23 18:30 CK-3.sam
-rw-r--r--  1 root root  2933170170 6月  23 19:47 CK-3.sort.bam
-rw-r--r--  1 root root   130234016 6月  23 19:49 CK-3.sort.bam.bai
-rw-r--r--  1 root root    68272318 6月  23 20:00 gene_count.csv
-rw-r--r--  1 root root   236184096 6月  23 20:00 gene_tpm.csv
-rw-r--r--  1 root root         195 6月  23 17:08 sample1.txt
-rw-r--r--  1 root root         195 6月  23 17:08 sample2.txt
-rw-r--r--  1 root root         177 6月  23 17:08 sample.name.txt
-rw-r--r--  1 root root    52096597 6月  23 19:51 T-1_mapped_cut.txt
-rw-r--r--  1 root root    56598215 6月  23 19:51 T-1_mapped.txt
-rw-r--r--  1 root root 21064991097 6月  23 18:33 T-1.sam
-rw-r--r--  1 root root  3205800593 6月  23 19:49 T-1.sort.bam
-rw-r--r--  1 root root   142951664 6月  23 19:51 T-1.sort.bam.bai
-rw-r--r--  1 root root    52144212 6月  23 19:56 T-2_mapped_cut.txt
-rw-r--r--  1 root root    56650862 6月  23 19:56 T-2_mapped.txt
-rw-r--r--  1 root root 22690893852 6月  23 18:33 T-2.sam
-rw-r--r--  1 root root  3404459378 6月  23 19:55 T-2.sort.bam
-rw-r--r--  1 root root   144506936 6月  23 19:55 T-2.sort.bam.bai
-rw-r--r--  1 root root    52304960 6月  23 19:59 T-3_mapped_cut.txt
-rw-r--r--  1 root root    56846322 6月  23 19:59 T-3_mapped.txt
-rw-r--r--  1 root root 28576437796 6月  23 18:52 T-3.sam
-rw-r--r--  1 root root  4182884403 6月  23 19:58 T-3.sort.bam
-rw-r--r--  1 root root   149673944 6月  23 19:59 T-3.sort.bam.bai
-rw-r--r--  1 root root   737723781 6月  23 17:20 uniq.1.bt2
-rw-r--r--  1 root root   322797956 6月  23 17:20 uniq.2.bt2
-rw-r--r--  1 root root    19922579 6月  23 17:08 uniq.3.bt2
-rw-r--r--  1 root root   322797951 6月  23 17:08 uniq.4.bt2
-rw-r--r--  1 root root   737723781 6月  23 17:32 uniq.rev.1.bt2
-rw-r--r--  1 root root   322797956 6月  23 17:32 uniq.rev.2.bt2
total 24736
drwxr-xr-x  3 root root       51 6月  25 20:52 .
drwxrwxr-x 24 1008 1009     4096 6月  29 11:00 ..
-rw-r--r--  1 root root 25324724 6月  25 20:52 Tax_id.tmp.txt
drwxr-xr-x  2 root root       10 6月  25 13:38 tmp
total 727108
drwxr-xr-x  2 root root        46 6月  26 12:15 .
drwxrwxr-x 24 1008 1009      4096 6月  29 11:00 ..
-rw-r--r--  1 root root 744554227 6月  26 12:15 func.emapper.annotations
total 812697856
drwxr-xr-x  3 root root         4096 6月  16 13:41 .
drwxr-xr-x 21 root root         4096 6月  17 04:15 ..
-rwxr-xr-x  1 root root   9269919744 6月  16 06:00 megan-map-Feb2022.db
-rwxr-xr-x  1 root root  32864722944 6月  16 06:29 megan-nr-r1.mdb
-rwxr-xr-x  1 root root   5381470406 6月  15 13:57 megan-nr-r1.zip
-rwxr-xr-x  1 root root   4852822016 6月  15 13:59 megan-nucl-Feb2022.db
-rw-r--r--  1 root root 394859290424 6月  16 11:49 metage2.dmnd
-rwxr-xr-x  1 root root  18991732071 6月  16 06:11 metage.acc2taxid.txt
-rwxr-xr-x  1 root root  12526166571 6月  16 13:41 metage.acc.txt
-rwxr-xr-x  1 root root 178174441830 6月  16 08:09 metage.dmnd
-rwxr-xr-x  1 root root 175125633446 6月  16 13:34 metage.fa
-rwxr-xr-x  1 root root      7559756 6月  16 08:09 metage.taxid.txt
-rwxr-xr-x  1 root root    148714494 6月  16 13:41 metage.taxonomy.txt
drwxr-xr-x  3 root root         4096 6月  15 13:59 NR20260202
=== 开始运行 anno 优化版 ===
[2026-06-29 11:02:16] ============================================================
[2026-06-29 11:02:16] tax_ano_2_update.py 开始运行
[2026-06-29 11:02:16] ============================================================
[2026-06-29 11:02:16] 读取物种注释: /home/xydeng/Metagenomics/tax_anno_original/Tax_id.tmp.txt
[2026-06-29 11:02:17] 读取物种层级表: /metagenome-DB/database/NR/metage.taxonomy.txt
[2026-06-29 11:02:20] 合并生成 gene.taxonomy.csv
[2026-06-29 11:02:29]   已生成: /home/xydeng/Metagenomics/anno_update/gene.taxonomy.csv
[2026-06-29 11:02:29] 读取基因丰度表: /home/xydeng/Metagenomics/bowtie_original/gene_tpm.csv
[2026-06-29 11:02:35] 合并基因丰度与物种注释
[2026-06-29 11:02:39] 生成 All/All.taxonomy.csv 和 All/All.taxonomy.rel.csv
[2026-06-29 11:03:17]   已生成 All 层级表
[2026-06-29 11:03:18] 生成 bacteria 各层级汇总表 (1029797 条记录)
[2026-06-29 11:03:19]   已生成: /home/xydeng/Metagenomics/anno_update/bacteria/kingdom.xlsx
[2026-06-29 11:03:19]   已生成: /home/xydeng/Metagenomics/anno_update/bacteria/phylum.xlsx
[2026-06-29 11:03:20]   已生成: /home/xydeng/Metagenomics/anno_update/bacteria/class.xlsx
[2026-06-29 11:03:20]   已生成: /home/xydeng/Metagenomics/anno_update/bacteria/order.xlsx
[2026-06-29 11:03:21]   已生成: /home/xydeng/Metagenomics/anno_update/bacteria/family.xlsx
[2026-06-29 11:03:22]   已生成: /home/xydeng/Metagenomics/anno_update/bacteria/genus.xlsx
[2026-06-29 11:03:29]   已生成: /home/xydeng/Metagenomics/anno_update/bacteria/species.xlsx
[2026-06-29 11:03:29] 生成 Archaea 各层级汇总表 (40 条记录)
[2026-06-29 11:03:30]   已生成: /home/xydeng/Metagenomics/anno_update/Archaea/kingdom.xlsx
[2026-06-29 11:03:30]   已生成: /home/xydeng/Metagenomics/anno_update/Archaea/phylum.xlsx
[2026-06-29 11:03:30]   已生成: /home/xydeng/Metagenomics/anno_update/Archaea/class.xlsx
[2026-06-29 11:03:30]   已生成: /home/xydeng/Metagenomics/anno_update/Archaea/order.xlsx
[2026-06-29 11:03:30]   已生成: /home/xydeng/Metagenomics/anno_update/Archaea/family.xlsx
[2026-06-29 11:03:30]   已生成: /home/xydeng/Metagenomics/anno_update/Archaea/genus.xlsx
[2026-06-29 11:03:30]   已生成: /home/xydeng/Metagenomics/anno_update/Archaea/species.xlsx
[2026-06-29 11:03:30] 生成 Virus 各层级汇总表 (310 条记录)
[2026-06-29 11:03:30]   已生成: /home/xydeng/Metagenomics/anno_update/Virus/kingdom.xlsx
[2026-06-29 11:03:30]   已生成: /home/xydeng/Metagenomics/anno_update/Virus/phylum.xlsx
[2026-06-29 11:03:30]   已生成: /home/xydeng/Metagenomics/anno_update/Virus/class.xlsx
[2026-06-29 11:03:30]   已生成: /home/xydeng/Metagenomics/anno_update/Virus/order.xlsx
[2026-06-29 11:03:30]   已生成: /home/xydeng/Metagenomics/anno_update/Virus/family.xlsx
[2026-06-29 11:03:30]   已生成: /home/xydeng/Metagenomics/anno_update/Virus/genus.xlsx
[2026-06-29 11:03:30]   已生成: /home/xydeng/Metagenomics/anno_update/Virus/species.xlsx
[2026-06-29 11:03:33] 生成 Fungi 各层级汇总表 (12381 条记录)
[2026-06-29 11:03:33]   已生成: /home/xydeng/Metagenomics/anno_update/Fungi/kingdom.xlsx
[2026-06-29 11:03:33]   已生成: /home/xydeng/Metagenomics/anno_update/Fungi/phylum.xlsx
[2026-06-29 11:03:33]   已生成: /home/xydeng/Metagenomics/anno_update/Fungi/class.xlsx
[2026-06-29 11:03:33]   已生成: /home/xydeng/Metagenomics/anno_update/Fungi/order.xlsx
[2026-06-29 11:03:33]   已生成: /home/xydeng/Metagenomics/anno_update/Fungi/family.xlsx
[2026-06-29 11:03:33]   已生成: /home/xydeng/Metagenomics/anno_update/Fungi/genus.xlsx
[2026-06-29 11:03:33]   已生成: /home/xydeng/Metagenomics/anno_update/Fungi/species.xlsx
[2026-06-29 11:03:34] ============================================================
[2026-06-29 11:03:34] tax_ano_2_update.py 运行完成，总耗时: 78.318 秒 (1.31 分钟)
[2026-06-29 11:03:34] 输出目录: /home/xydeng/Metagenomics/anno_update
[2026-06-29 11:03:34] ============================================================

real	1m19.269s
user	1m14.535s
sys	0m8.478s
[2026-06-29 11:03:35] ============================================================
[2026-06-29 11:03:35] func_ano_2_update.py 开始运行
[2026-06-29 11:03:35] ============================================================
[2026-06-29 11:03:35] 读取基因丰度表: /home/xydeng/Metagenomics/bowtie_original/gene_tpm.csv
[2026-06-29 11:03:40] 读取功能注释表: /home/xydeng/Metagenomics/func_anno_original/func.emapper.annotations
[2026-06-29 11:04:01] 启动 4 个进程并行执行功能注释
[2026-06-29 11:04:16] 开始 eggNOG 注释
[2026-06-29 11:04:29] 开始 KEGG 注释
[2026-06-29 11:04:38] 开始 CAZy 注释
[2026-06-29 11:04:43]   CAZy 注释完成
[2026-06-29 11:04:48] 开始 GO 注释
[2026-06-29 11:05:13]   eggNOG 注释完成
[2026-06-29 11:05:15]   KEGG 注释完成
[2026-06-29 11:07:00]   GO 注释完成
[2026-06-29 11:07:01]   eggNOG: 1515622 条注释记录
[2026-06-29 11:07:01]   KEGG: 1682308 条注释记录
[2026-06-29 11:07:01]   CAZy: 29858 条注释记录
[2026-06-29 11:07:01]   GO: 7676818 条注释记录
[2026-06-29 11:07:02] ============================================================
[2026-06-29 11:07:02] func_ano_2_update.py 运行完成，总耗时: 207.264 秒 (3.45 分钟)
[2026-06-29 11:07:02] 输出目录: /home/xydeng/Metagenomics/anno_update
[2026-06-29 11:07:02] ============================================================

real	3m28.152s
user	4m58.686s
sys	0m41.982s
==========================================
结束时间: 
2026-06-29 11:07:02
==========================================
