==========================================
开始时间: 
2026-06-29 11:33:35
==========================================

=== 检查输入文件 ===
-rw-r--r-- 1 root root 176933378 6月  26 18:07 /home/xydeng/Metagenomics/anno_original/Annotation/gene.taxonomy.csv
-rw-r--r-- 1 root root 327489606 6月  26 18:09 /home/xydeng/Metagenomics/anno_original/Annotation/KEGG/KEGG.tpm.csv
-rw-r--r-- 1 root root 1564490047 6月  23 11:38 /home/xydeng/Metagenomics/prodigal_original/unique_gene.fasta
-rw-r--r-- 1 root root 236184096 6月  23 20:00 /home/xydeng/Metagenomics/bowtie_original/gene_tpm.csv
=== 开始运行 VCA_anno ===
diamond v2.1.8.162 (C) Max Planck Society for the Advancement of Science, Benjamin Buchfink, University of Tuebingen
Documentation, support and updates available at http://www.diamondsearch.org
Please cite: http://dx.doi.org/10.1038/s41592-021-01101-x Nature Methods (2021)

#CPU threads: 30
Scoring parameters: (Matrix=BLOSUM62 Lambda=0.267 K=0.041 Penalties=11/1)
Temporary directory: /home/xydeng/Metagenomics/VFDB
#Target sequences to report alignments for: 25
Opening the database...  [0.005s]
Database: /metagenome-DB/database/VFDB/version-2025-12/VFDB_setA (type: Diamond database, sequences: 4460, letters: 1843397)
Block size = 2000000000
Algorithm: Double-indexed
Building query histograms...  [18.64s]
Seeking in database...  [0s]
Loading reference sequences...  [0.009s]
Masking reference...  [0.026s]
Initializing temporary storage...  [0.001s]
Building reference histograms...  [0.019s]
Allocating buffers...  [0s]
Processing query block 1, reference block 1/1, shape 1/2, index chunk 1/4.
Building reference seed array...  [0.01s]
Building query seed array...  [2.372s]
Computing hash join...  [1.812s]
Masking low complexity seeds...  [0.042s]
Searching alignments...  [0.17s]
Deallocating memory...  [0s]
Processing query block 1, reference block 1/1, shape 1/2, index chunk 2/4.
Building reference seed array...  [0.009s]
Building query seed array...  [2.351s]
Computing hash join...  [1.897s]
Masking low complexity seeds...  [0.034s]
Searching alignments...  [0.113s]
Deallocating memory...  [0s]
Processing query block 1, reference block 1/1, shape 1/2, index chunk 3/4.
Building reference seed array...  [0.011s]
Building query seed array...  [2.442s]
Computing hash join...  [1.836s]
Masking low complexity seeds...  [0.013s]
Searching alignments...  [0.079s]
Deallocating memory...  [0s]
Processing query block 1, reference block 1/1, shape 1/2, index chunk 4/4.
Building reference seed array...  [0.009s]
Building query seed array...  [2.631s]
Computing hash join...  [1.504s]
Masking low complexity seeds...  [0.009s]
Searching alignments...  [0.076s]
Deallocating memory...  [0s]
Processing query block 1, reference block 1/1, shape 2/2, index chunk 1/4.
Building reference seed array...  [0.009s]
Building query seed array...  [2.534s]
Computing hash join...  [1.507s]
Masking low complexity seeds...  [0.028s]
Searching alignments...  [0.081s]
Deallocating memory...  [0s]
Processing query block 1, reference block 1/1, shape 2/2, index chunk 2/4.
Building reference seed array...  [0.008s]
Building query seed array...  [2.861s]
Computing hash join...  [1.422s]
Masking low complexity seeds...  [0.016s]
Searching alignments...  [0.071s]
Deallocating memory...  [0s]
Processing query block 1, reference block 1/1, shape 2/2, index chunk 3/4.
Building reference seed array...  [0.01s]
Building query seed array...  [2.509s]
Computing hash join...  [1.332s]
Masking low complexity seeds...  [0.069s]
Searching alignments...  [0.149s]
Deallocating memory...  [0s]
Processing query block 1, reference block 1/1, shape 2/2, index chunk 4/4.
Building reference seed array...  [0.006s]
Building query seed array...  [2.464s]
Computing hash join...  [1.345s]
Masking low complexity seeds...  [0.011s]
Searching alignments...  [0.073s]
Deallocating memory...  [0s]
Deallocating buffers...  [0.63s]
Clearing query masking...  [1.17s]
Computing alignments... Loading trace points...  [0.174s]
Sorting trace points...  [0.054s]
Computing alignments...  [5.601s]
Deallocating buffers...  [0.002s]
Loading trace points...  [0s]
 [5.852s]
Deallocating reference...  [0s]
Loading reference sequences...  [0s]
Deallocating buffers...  [0s]
Deallocating queries...  [0.533s]
Total time = 123.812s
Reported 585620 pairwise alignments, 585620 HSPs.
168289 queries aligned.

real	2m46.222s
user	26m1.757s
sys	8m12.442s

real	1m16.890s
user	1m12.639s
sys	0m8.696s
diamond v2.1.8.162 (C) Max Planck Society for the Advancement of Science, Benjamin Buchfink, University of Tuebingen
Documentation, support and updates available at http://www.diamondsearch.org
Please cite: http://dx.doi.org/10.1038/s41592-021-01101-x Nature Methods (2021)

#CPU threads: 30
Scoring parameters: (Matrix=BLOSUM62 Lambda=0.267 K=0.041 Penalties=11/1)
Temporary directory: /home/xydeng/Metagenomics/ARGs
#Target sequences to report alignments for: 25
Opening the database...  [0.02s]
Database: /metagenome-DB/database/ARGs/SARG_v3.2 (type: Diamond database, sequences: 12746, letters: 5032664)
Block size = 2000000000
Algorithm: Double-indexed
Building query histograms...  [19.796s]
Seeking in database...  [0s]
Loading reference sequences...  [0.029s]
Masking reference...  [0.062s]
Initializing temporary storage...  [0.001s]
Building reference histograms...  [0.06s]
Allocating buffers...  [0s]
Processing query block 1, reference block 1/1, shape 1/2, index chunk 1/4.
Building reference seed array...  [0.026s]
Building query seed array...  [2.375s]
Computing hash join...  [1.908s]
Masking low complexity seeds...  [0.007s]
Searching alignments...  [0.171s]
Deallocating memory...  [0s]
Processing query block 1, reference block 1/1, shape 1/2, index chunk 2/4.
Building reference seed array...  [0.02s]
Building query seed array...  [2.8s]
Computing hash join...  [2.101s]
Masking low complexity seeds...  [0.077s]
Searching alignments...  [0.235s]
Deallocating memory...  [0s]
Processing query block 1, reference block 1/1, shape 1/2, index chunk 3/4.
Building reference seed array...  [0.018s]
Building query seed array...  [2.896s]
Computing hash join...  [1.378s]
Masking low complexity seeds...  [0.023s]
Searching alignments...  [0.244s]
Deallocating memory...  [0s]
Processing query block 1, reference block 1/1, shape 1/2, index chunk 4/4.
Building reference seed array...  [0.024s]
Building query seed array...  [2.361s]
Computing hash join...  [1.121s]
Masking low complexity seeds...  [0.008s]
Searching alignments...  [0.111s]
Deallocating memory...  [0s]
Processing query block 1, reference block 1/1, shape 2/2, index chunk 1/4.
Building reference seed array...  [0.021s]
Building query seed array...  [2.209s]
Computing hash join...  [1.062s]
Masking low complexity seeds...  [0.005s]
Searching alignments...  [0.131s]
Deallocating memory...  [0s]
Processing query block 1, reference block 1/1, shape 2/2, index chunk 2/4.
Building reference seed array...  [0.024s]
Building query seed array...  [2.393s]
Computing hash join...  [1.07s]
Masking low complexity seeds...  [0.005s]
Searching alignments...  [0.171s]
Deallocating memory...  [0s]
Processing query block 1, reference block 1/1, shape 2/2, index chunk 3/4.
Building reference seed array...  [0.025s]
Building query seed array...  [2.519s]
Computing hash join...  [1.065s]
Masking low complexity seeds...  [0.006s]
Searching alignments...  [0.133s]
Deallocating memory...  [0s]
Processing query block 1, reference block 1/1, shape 2/2, index chunk 4/4.
Building reference seed array...  [0.018s]
Building query seed array...  [2.347s]
Computing hash join...  [1.069s]
Masking low complexity seeds...  [0.006s]
Searching alignments...  [0.131s]
Deallocating memory...  [0s]
Deallocating buffers...  [0.424s]
Clearing query masking...  [1.203s]
Computing alignments... Loading trace points...  [0.33s]
Sorting trace points...  [0.193s]
Computing alignments...  [8.832s]
Deallocating buffers...  [0.004s]
Loading trace points...  [0s]
 [9.443s]
Deallocating reference...  [0s]
Loading reference sequences...  [0.001s]
Deallocating buffers...  [0s]
Deallocating queries...  [0.614s]
Total time = 109.41s
Reported 921575 pairwise alignments, 921575 HSPs.
64125 queries aligned.

real	2m19.845s
user	26m43.551s
sys	6m57.232s
==========================================
结束时间: 
2026-06-29 11:39:58
==========================================
