==========================================
开始时间: 
2026-06-29 13:15:52
==========================================
=== 检查输入文件 ===
-rw-r--r-- 1 root root 176933378 6月  26 18:07 /home/xydeng/Metagenomics/anno_original/Annotation/gene.taxonomy.csv
-rw-r--r-- 1 root root 1564490047 6月  23 11:38 /home/xydeng/Metagenomics/prodigal_original/unique_gene.fasta
-rw-r--r-- 1 root root 236184096 6月  23 20:00 /home/xydeng/Metagenomics/bowtie_original/gene_tpm.csv
=== 开始运行 MBQ_anno 优化版 ===
[2026-06-29 13:15:53] INFO: 开始 QS diamond 比对
[2026-06-29 13:15:53] INFO: 执行命令: diamond blastx --threads 30 --db /metagenome-DB/database/QS/QS2025_12-29/QSgo_0009372_2025_1229 -e 1e-5 --query /home/xydeng/Metagenomics/prodigal_original/unique_gene.fasta --out /home/xydeng/Metagenomics/QS_update/QS_anno.txt
diamond v2.1.8.162 (C) Max Planck Society for the Advancement of Science, Benjamin Buchfink, University of Tuebingen
Documentation, support and updates available at http://www.diamondsearch.org
Please cite: http://dx.doi.org/10.1038/s41592-021-01101-x Nature Methods (2021)

#CPU threads: 30
Scoring parameters: (Matrix=BLOSUM62 Lambda=0.267 K=0.041 Penalties=11/1)
Temporary directory: /home/xydeng/Metagenomics/QS_update
#Target sequences to report alignments for: 25
Opening the database... [2026-06-29 13:15:53] INFO: 开始 mobileOG diamond 比对
[2026-06-29 13:15:53] INFO: 执行命令: diamond blastx --threads 30 --db /metagenome-DB/database/mobileOG/mobileOG_beatrix-1.6 -e 1e-5 --query /home/xydeng/Metagenomics/prodigal_original/unique_gene.fasta --out /home/xydeng/Metagenomics/mobileOGs_update/mobileOG_anno.txt
 [0.011s]
Database: /metagenome-DB/database/QS/QS2025_12-29/QSgo_0009372_2025_1229 (type: Diamond database, sequences: 16680, letters: 3913163)
Block size = 2000000000
diamond v2.1.8.162 (C) Max Planck Society for the Advancement of Science, Benjamin Buchfink, University of Tuebingen
Documentation, support and updates available at http://www.diamondsearch.org
Please cite: http://dx.doi.org/10.1038/s41592-021-01101-x Nature Methods (2021)

#CPU threads: 30
Scoring parameters: (Matrix=BLOSUM62 Lambda=0.267 K=0.041 Penalties=11/1)
[2026-06-29 13:15:53] INFO: 开始 BacMet2 diamond 比对
[2026-06-29 13:15:53] INFO: 执行命令: diamond blastx --threads 30 --db /metagenome-DB/database/BacMet/BacMet2 -e 1e-5 --query /home/xydeng/Metagenomics/prodigal_original/unique_gene.fasta --out /home/xydeng/Metagenomics/BacMet2_update/BacMet_anno.txt
Temporary directory: /home/xydeng/Metagenomics/mobileOGs_update
#Target sequences to report alignments for: 25
Opening the database... diamond v2.1.8.162 (C) Max Planck Society for the Advancement of Science, Benjamin Buchfink, University of Tuebingen
Documentation, support and updates available at http://www.diamondsearch.org
Please cite: http://dx.doi.org/10.1038/s41592-021-01101-x Nature Methods (2021)

#CPU threads: 30
Scoring parameters: (Matrix=BLOSUM62 Lambda=0.267 K=0.041 Penalties=11/1)
Temporary directory: /home/xydeng/Metagenomics/BacMet2_update
#Target sequences to report alignments for: 25
Opening the database...  [0.127s]
Database: /metagenome-DB/database/mobileOG/mobileOG_beatrix-1.6 (type: Diamond database, sequences: 775257, letters: 290890375)
Block size = 2000000000
 [0.142s]
Database: /metagenome-DB/database/BacMet/BacMet2 (type: Diamond database, sequences: 156265, letters: 65318655)
Block size = 2000000000
Algorithm: Double-indexed
Building query histograms... Algorithm: Double-indexed
Building query histograms...  [28.201s]
Seeking in database...  [0s]
Loading reference sequences...  [0.012s]
Masking reference...  [0.183s]
Initializing temporary storage...  [0.001s]
Building reference histograms...  [0.036s]
Allocating buffers...  [0s]
Processing query block 1, reference block 1/1, shape 1/2, index chunk 1/4.
Building reference seed array...  [0.079s]
Building query seed array... Algorithm: Double-indexed
Building query histograms...  [11.328s]
Computing hash join...  [38.504s]
Seeking in database...  [0s]
Loading reference sequences...  [5.062s]
Masking low complexity seeds...  [0.13s]
Searching alignments...  [2.679s]
Masking reference...  [0.478s]
Deallocating memory...  [0s]
Processing query block 1, reference block 1/1, shape 1/2, index chunk 2/4.
Building reference seed array...  [0.014s]
Building query seed array...  [8.02s]
Initializing temporary storage...  [0.001s]
Building reference histograms...  [11.479s]
Computing hash join...  [4.201s]
Allocating buffers...  [0.001s]
Processing query block 1, reference block 1/1, shape 1/2, index chunk 1/4.
Building reference seed array...  [2.115s]
Building query seed array...  [26.045s]
Seeking in database...  [0s]
Loading reference sequences...  [3.763s]
Masking low complexity seeds...  [0.743s]
Masking reference...  [0.228s]
Searching alignments...  [0.333s]
Deallocating memory...  [0s]
Processing query block 1, reference block 1/1, shape 1/2, index chunk 3/4.
Building reference seed array...  [0.083s]
Building query seed array...  [1.406s]
Initializing temporary storage...  [0.001s]
Building reference histograms...  [1.297s]
Allocating buffers...  [0s]
Processing query block 1, reference block 1/1, shape 1/2, index chunk 1/4.
Building reference seed array...  [0.527s]
Building query seed array...  [9.162s]
Computing hash join...  [10.189s]
Computing hash join...  [10.697s]
Computing hash join...  [5.022s]
Masking low complexity seeds...  [0.083s]
Searching alignments...  [0.213s]
Deallocating memory...  [0s]
Processing query block 1, reference block 1/1, shape 1/2, index chunk 4/4.
Building reference seed array...  [0.023s]
Building query seed array...  [8.322s]
Masking low complexity seeds...  [1.093s]
Searching alignments...  [9.37s]
Masking low complexity seeds...  [0.407s]
Searching alignments...  [8.864s]
Computing hash join...  [8.627s]
Deallocating memory...  [0s]
Processing query block 1, reference block 1/1, shape 1/2, index chunk 2/4.
Building reference seed array...  [1.971s]
Building query seed array...  [4.52s]
Masking low complexity seeds...  [0.279s]
Searching alignments...  [0.523s]
Deallocating memory...  [0s]
Processing query block 1, reference block 1/1, shape 2/2, index chunk 1/4.
Building reference seed array...  [0.06s]
Building query seed array...  [8.219s]
Deallocating memory...  [0s]
Processing query block 1, reference block 1/1, shape 1/2, index chunk 2/4.
Building reference seed array...  [0.662s]
Building query seed array...  [7.924s]
Computing hash join...  [10.484s]
Computing hash join...  [5.172s]
Masking low complexity seeds...  [0.213s]
Searching alignments...  [0.303s]
Deallocating memory...  [0s]
Processing query block 1, reference block 1/1, shape 2/2, index chunk 2/4.
Building reference seed array...  [0.019s]
Building query seed array...  [11.803s]
Computing hash join...  [6.929s]
Masking low complexity seeds...  [1.69s]
Searching alignments...  [6.248s]
Masking low complexity seeds...  [0.675s]
Searching alignments...  [9.957s]
Computing hash join...  [7.913s]
Deallocating memory...  [0s]
Processing query block 1, reference block 1/1, shape 1/2, index chunk 3/4.
Building reference seed array...  [2.06s]
Building query seed array...  [4.232s]
Masking low complexity seeds...  [0.206s]
Searching alignments...  [0.583s]
Deallocating memory...  [0s]
Processing query block 1, reference block 1/1, shape 2/2, index chunk 3/4.
Building reference seed array...  [0.021s]
Building query seed array...  [6.685s]
Computing hash join...  [12.385s]
Deallocating memory...  [0s]
Processing query block 1, reference block 1/1, shape 1/2, index chunk 3/4.
Building reference seed array...  [0.424s]
Building query seed array...  [6.875s]
Computing hash join...  [5.415s]
Masking low complexity seeds...  [1.195s]
Searching alignments...  [4.774s]
Masking low complexity seeds...  [0.018s]
Searching alignments...  [0.105s]
Deallocating memory...  [0s]
Processing query block 1, reference block 1/1, shape 2/2, index chunk 4/4.
Building reference seed array...  [0.077s]
Building query seed array...  [11.003s]
Computing hash join...  [6.027s]
Deallocating memory...  [0s]
Processing query block 1, reference block 1/1, shape 1/2, index chunk 4/4.
Building reference seed array...  [2.082s]
Building query seed array...  [3.873s]
Masking low complexity seeds...  [0.187s]
Searching alignments...  [8.516s]
Computing hash join...  [5.181s]
Masking low complexity seeds...  [0.106s]
Searching alignments...  [0.394s]
Deallocating memory...  [0s]
Deallocating buffers...  [0.593s]
Clearing query masking...  [8.069s]
Computing hash join...  [1.364s]
Computing alignments... Loading trace points...  [0.019s]
Sorting trace points...  [0.035s]
Computing alignments...  [7.931s]
Deallocating memory...  [0s]
Processing query block 1, reference block 1/1, shape 1/2, index chunk 4/4.
Building reference seed array...  [0.303s]
Building query seed array...  [3.639s]
Masking low complexity seeds...  [0.88s]
Searching alignments...  [8.261s]
Computing hash join...  [5.701s]
Deallocating memory...  [0s]
Processing query block 1, reference block 1/1, shape 2/2, index chunk 1/4.
Building reference seed array...  [10.816s]
Deallocating buffers...  [0.001s]
Loading trace points...  [0s]
 [10.88s]
Deallocating reference...  [0s]
Loading reference sequences...  [0s]
Deallocating buffers...  [0s]
Deallocating queries...  [1.356s]
Building query seed array...  [0.807s]
Total time = 244.086s
Reported 34865 pairwise alignments, 34865 HSPs.
12631 queries aligned.
[2026-06-29 13:19:58] INFO: 开始生成 QS 丰度表
 [3.676s]
Masking low complexity seeds...  [0.425s]
Searching alignments...  [4.648s]
Computing hash join...  [4.139s]
Deallocating memory...  [0s]
Processing query block 1, reference block 1/1, shape 2/2, index chunk 1/4.
Building reference seed array...  [0.181s]
Building query seed array...  [2.388s]
Masking low complexity seeds...  [0.718s]
Searching alignments...  [3.776s]
Deallocating memory...  [0.004s]
Processing query block 1, reference block 1/1, shape 2/2, index chunk 2/4.
Building reference seed array...  [5.481s]
Computing hash join...  [1.017s]
Building query seed array...  [2.603s]
Masking low complexity seeds...  [0.208s]
Searching alignments...  [5.736s]
Computing hash join...  [4.926s]
Deallocating memory...  [0s]
Processing query block 1, reference block 1/1, shape 2/2, index chunk 2/4.
Building reference seed array...  [0.186s]
Building query seed array...  [2.743s]
Masking low complexity seeds...  [0.644s]
Searching alignments...  [3.868s]
Deallocating memory...  [0s]
Processing query block 1, reference block 1/1, shape 2/2, index chunk 3/4.
Building reference seed array...  [6.351s]
Computing hash join...  [0.856s]
Building query seed array...  [2.45s]
Masking low complexity seeds...  [0.08s]
Searching alignments...  [5.702s]
Computing hash join...  [3.969s]
Deallocating memory...  [0s]
Processing query block 1, reference block 1/1, shape 2/2, index chunk 3/4.
Building reference seed array...  [0.233s]
Building query seed array...  [3.425s]
Masking low complexity seeds...  [0.757s]
Searching alignments...  [6.457s]
Computing hash join...  [3.253s]
Deallocating memory...  [0s]
Processing query block 1, reference block 1/1, shape 2/2, index chunk 4/4.
Building reference seed array...  [0.756s]
Building query seed array...  [2.718s]
Masking low complexity seeds...  [0.095s]
Searching alignments...  [5.04s]
Computing hash join...  [3.788s]
Deallocating memory...  [0s]
Processing query block 1, reference block 1/1, shape 2/2, index chunk 4/4.
Building reference seed array...  [0.153s]
Building query seed array...  [2.922s]
Masking low complexity seeds...  [1.064s]
Searching alignments...  [5.976s]
Computing hash join...  [3.369s]
Deallocating memory...  [0.003s]
Deallocating buffers...  [0.55s]
Clearing query masking...  [1.91s]
Masking low complexity seeds...  [0.307s]
Searching alignments...  [1.406s]
Computing alignments...  [2.023s]
Deallocating memory...  [0s]
Deallocating buffers...  [0.682s]
Clearing query masking... [2026-06-29 13:20:54] INFO: QS 注释完成，输出: /home/xydeng/Metagenomics/QS_update

real	5m1.789s
user	37m52.893s
sys	3m18.934s
Loading trace points...  [1.386s]
Computing alignments... Loading trace points...  [2.936s]
Sorting trace points...  [1.622s]
Computing alignments...  [6.004s]
Sorting trace points...  [6.781s]
Computing alignments...  [138.986s]
Deallocating buffers...  [0.185s]
Loading trace points...  [0s]
 [147.12s]
Deallocating reference...  [0.002s]
Loading reference sequences...  [0s]
Deallocating buffers...  [0s]
Deallocating queries...  [0.405s]
Total time = 445.58s
Reported 3605117 pairwise alignments, 3605117 HSPs.
230731 queries aligned.
[2026-06-29 13:23:30] INFO: 开始生成 mobileOG 丰度表
 [149.847s]
Deallocating buffers...  [0.446s]
Loading trace points...  [0s]
 [163.765s]
Deallocating reference...  [0.011s]
Loading reference sequences...  [0s]
Deallocating buffers...  [0s]
Deallocating queries...  [0.528s]
Total time = 465.747s
Reported 2673312 pairwise alignments, 2673312 HSPs.
136209 queries aligned.
/root/microbiome/microbiome/metage_megahit/mobileOG_update.py:34: DtypeWarning: Columns (7) have mixed types. Specify dtype option on import or set low_memory=False.
  mobileog_map = pd.read_csv('%s/mobileOG/mobileOG-db-beatrix-1.6-All.csv' % dbdir, sep=',')
[2026-06-29 13:23:48] INFO: 开始生成 BacMet2 丰度表
/root/microbiome/microbiome/metage_megahit/BacMet2_update.py:45: DtypeWarning: Columns (0) have mixed types. Specify dtype option on import or set low_memory=False.
  bacmet2_map = pd.read_csv('%s/BacMet/BacMet2_all.mapping.txt' % dbdir, sep='\t')
[2026-06-29 13:24:30] INFO: BacMet2 注释完成，输出: /home/xydeng/Metagenomics/BacMet2_update

real	8m38.102s
user	90m45.647s
sys	4m27.744s
[2026-06-29 13:24:43] INFO: mobileOG 注释完成，输出: /home/xydeng/Metagenomics/mobileOGs_update

real	8m51.236s
user	88m5.916s
sys	4m52.393s
==========================================
结束时间: 
2026-06-29 13:24:44
==========================================
