==========================================
开始时间: 
2026-06-29 11:40:40
==========================================
=== 检查输入文件 ===
-rw-r--r-- 1 root root 176933378 6月  26 18:07 /home/xydeng/Metagenomics/anno_original/Annotation/gene.taxonomy.csv
-rw-r--r-- 1 root root 1564490047 6月  23 11:38 /home/xydeng/Metagenomics/prodigal_original/unique_gene.fasta
-rw-r--r-- 1 root root 236184096 6月  23 20:00 /home/xydeng/Metagenomics/bowtie_original/gene_tpm.csv
=== 开始运行 MBQ_anno ===
diamond v2.1.8.162 (C) Max Planck Society for the Advancement of Science, Benjamin Buchfink, University of Tuebingen
Documentation, support and updates available at http://www.diamondsearch.org
Please cite: http://dx.doi.org/10.1038/s41592-021-01101-x Nature Methods (2021)

#CPU threads: 30
Scoring parameters: (Matrix=BLOSUM62 Lambda=0.267 K=0.041 Penalties=11/1)
Temporary directory: /home/xydeng/Metagenomics/mobileOGs
#Target sequences to report alignments for: 25
Opening the database...  [1.284s]
Database: /metagenome-DB/database/mobileOG/mobileOG_beatrix-1.6 (type: Diamond database, sequences: 775257, letters: 290890375)
Block size = 2000000000
Algorithm: Double-indexed
Building query histograms...  [20.149s]
Seeking in database...  [0s]
Loading reference sequences...  [4.769s]
Masking reference...  [1.393s]
Initializing temporary storage...  [0.002s]
Building reference histograms...  [1.229s]
Allocating buffers...  [0s]
Processing query block 1, reference block 1/1, shape 1/2, index chunk 1/4.
Building reference seed array...  [0.576s]
Building query seed array...  [2.543s]
Computing hash join...  [2.036s]
Masking low complexity seeds...  [0.144s]
Searching alignments...  [2.28s]
Deallocating memory...  [0s]
Processing query block 1, reference block 1/1, shape 1/2, index chunk 2/4.
Building reference seed array...  [0.781s]
Building query seed array...  [3.216s]
Computing hash join...  [1.921s]
Masking low complexity seeds...  [0.57s]
Searching alignments...  [1.572s]
Deallocating memory...  [0s]
Processing query block 1, reference block 1/1, shape 1/2, index chunk 3/4.
Building reference seed array...  [0.46s]
Building query seed array...  [2.553s]
Computing hash join...  [1.566s]
Masking low complexity seeds...  [0.118s]
Searching alignments...  [1.535s]
Deallocating memory...  [0s]
Processing query block 1, reference block 1/1, shape 1/2, index chunk 4/4.
Building reference seed array...  [0.413s]
Building query seed array...  [2.182s]
Computing hash join...  [1.529s]
Masking low complexity seeds...  [0.112s]
Searching alignments...  [1.491s]
Deallocating memory...  [0s]
Processing query block 1, reference block 1/1, shape 2/2, index chunk 1/4.
Building reference seed array...  [0.418s]
Building query seed array...  [2.168s]
Computing hash join...  [1.487s]
Masking low complexity seeds...  [0.122s]
Searching alignments...  [1.492s]
Deallocating memory...  [0s]
Processing query block 1, reference block 1/1, shape 2/2, index chunk 2/4.
Building reference seed array...  [0.443s]
Building query seed array...  [2.351s]
Computing hash join...  [1.472s]
Masking low complexity seeds...  [0.196s]
Searching alignments...  [1.478s]
Deallocating memory...  [0s]
Processing query block 1, reference block 1/1, shape 2/2, index chunk 3/4.
Building reference seed array...  [0.472s]
Building query seed array...  [2.54s]
Computing hash join...  [1.509s]
Masking low complexity seeds...  [0.183s]
Searching alignments...  [1.448s]
Deallocating memory...  [0s]
Processing query block 1, reference block 1/1, shape 2/2, index chunk 4/4.
Building reference seed array...  [0.383s]
Building query seed array...  [2.267s]
Computing hash join...  [1.495s]
Masking low complexity seeds...  [0.126s]
Searching alignments...  [1.679s]
Deallocating memory...  [0s]
Deallocating buffers...  [0.339s]
Clearing query masking...  [1.195s]
Computing alignments... Loading trace points...  [4.972s]
Sorting trace points...  [1.727s]
Computing alignments...  [42.94s]
Deallocating buffers...  [0.29s]
Loading trace points...  [0s]
 [50.662s]
Deallocating reference...  [0.005s]
Loading reference sequences...  [0.001s]
Deallocating buffers...  [0s]
Deallocating queries...  [0.594s]
Total time = 178.366s
Reported 3605117 pairwise alignments, 3605117 HSPs.
230731 queries aligned.
/root/microbiome/microbiome/metage_megahit/mobileOG.py:21: DtypeWarning: Columns (7) have mixed types. Specify dtype option on import or set low_memory=False.
  mobileOG_map = pd.read_csv('%s/mobileOG/mobileOG-db-beatrix-1.6-All.csv' % dbdir, sep=',')

real	4m26.123s
user	54m13.159s
sys	7m35.900s
diamond v2.1.8.162 (C) Max Planck Society for the Advancement of Science, Benjamin Buchfink, University of Tuebingen
Documentation, support and updates available at http://www.diamondsearch.org
Please cite: http://dx.doi.org/10.1038/s41592-021-01101-x Nature Methods (2021)

#CPU threads: 30
Scoring parameters: (Matrix=BLOSUM62 Lambda=0.267 K=0.041 Penalties=11/1)
Temporary directory: /home/xydeng/Metagenomics/BacMet2
#Target sequences to report alignments for: 25
Opening the database...  [0.937s]
Database: /metagenome-DB/database/BacMet/BacMet2 (type: Diamond database, sequences: 156265, letters: 65318655)
Block size = 2000000000
Algorithm: Double-indexed
Building query histograms...  [19.869s]
Seeking in database...  [0s]
Loading reference sequences...  [0.605s]
Masking reference...  [0.369s]
Initializing temporary storage...  [0.001s]
Building reference histograms...  [0.349s]
Allocating buffers...  [0s]
Processing query block 1, reference block 1/1, shape 1/2, index chunk 1/4.
Building reference seed array...  [0.185s]
Building query seed array...  [2.369s]
Computing hash join...  [1.626s]
Masking low complexity seeds...  [0.033s]
Searching alignments...  [2.172s]
Deallocating memory...  [0s]
Processing query block 1, reference block 1/1, shape 1/2, index chunk 2/4.
Building reference seed array...  [0.158s]
Building query seed array...  [3.071s]
Computing hash join...  [1.562s]
Masking low complexity seeds...  [0.123s]
Searching alignments...  [3.146s]
Deallocating memory...  [0s]
Processing query block 1, reference block 1/1, shape 1/2, index chunk 3/4.
Building reference seed array...  [0.215s]
Building query seed array...  [2.557s]
Computing hash join...  [1.554s]
Masking low complexity seeds...  [0.024s]
Searching alignments...  [2.505s]
Deallocating memory...  [0s]
Processing query block 1, reference block 1/1, shape 1/2, index chunk 4/4.
Building reference seed array...  [0.146s]
Building query seed array...  [2.382s]
Computing hash join...  [1.515s]
Masking low complexity seeds...  [0.021s]
Searching alignments...  [1.947s]
Deallocating memory...  [0s]
Processing query block 1, reference block 1/1, shape 2/2, index chunk 1/4.
Building reference seed array...  [0.174s]
Building query seed array...  [2.311s]
Computing hash join...  [1.4s]
Masking low complexity seeds...  [0.077s]
Searching alignments...  [2.676s]
Deallocating memory...  [0s]
Processing query block 1, reference block 1/1, shape 2/2, index chunk 2/4.
Building reference seed array...  [0.157s]
Building query seed array...  [2.583s]
Computing hash join...  [1.443s]
Masking low complexity seeds...  [0.027s]
Searching alignments...  [2.038s]
Deallocating memory...  [0s]
Processing query block 1, reference block 1/1, shape 2/2, index chunk 3/4.
Building reference seed array...  [0.187s]
Building query seed array...  [2.454s]
Computing hash join...  [1.442s]
Masking low complexity seeds...  [0.028s]
Searching alignments...  [1.535s]
Deallocating memory...  [0s]
Processing query block 1, reference block 1/1, shape 2/2, index chunk 4/4.
Building reference seed array...  [0.178s]
Building query seed array...  [2.633s]
Computing hash join...  [1.437s]
Masking low complexity seeds...  [0.209s]
Searching alignments...  [1.883s]
Deallocating memory...  [0s]
Deallocating buffers...  [0.47s]
Clearing query masking...  [1.225s]
Computing alignments... Loading trace points...  [5.294s]
Sorting trace points...  [3.587s]
Computing alignments...  [59.47s]
Deallocating buffers...  [0.488s]
Loading trace points...  [0s]
 [69.299s]
Deallocating reference...  [0s]
Loading reference sequences...  [0s]
Deallocating buffers...  [0s]
Deallocating queries...  [0.525s]
Total time = 189.575s
Reported 2673312 pairwise alignments, 2673312 HSPs.
136209 queries aligned.
/root/microbiome/microbiome/metage_megahit/BacMet2.py:32: DtypeWarning: Columns (0) have mixed types. Specify dtype option on import or set low_memory=False.
  BacMet2_map = pd.read_csv('%s/BacMet/BacMet2_all.mapping.txt' % dbdir, sep='\t')

real	4m0.721s
user	58m50.586s
sys	7m29.857s
diamond v2.1.8.162 (C) Max Planck Society for the Advancement of Science, Benjamin Buchfink, University of Tuebingen
Documentation, support and updates available at http://www.diamondsearch.org
Please cite: http://dx.doi.org/10.1038/s41592-021-01101-x Nature Methods (2021)

#CPU threads: 30
Scoring parameters: (Matrix=BLOSUM62 Lambda=0.267 K=0.041 Penalties=11/1)
Temporary directory: /home/xydeng/Metagenomics/QS
#Target sequences to report alignments for: 25
Opening the database...  [0.122s]
Database: /metagenome-DB/database/QS/QS2025_12-29/QSgo_0009372_2025_1229 (type: Diamond database, sequences: 16680, letters: 3913163)
Block size = 2000000000
Algorithm: Double-indexed
Building query histograms...  [19.532s]
Seeking in database...  [0s]
Loading reference sequences...  [0.011s]
Masking reference...  [0.038s]
Initializing temporary storage...  [0.002s]
Building reference histograms...  [0.039s]
Allocating buffers...  [0s]
Processing query block 1, reference block 1/1, shape 1/2, index chunk 1/4.
Building reference seed array...  [0.018s]
Building query seed array...  [2.621s]
Computing hash join...  [1.522s]
Masking low complexity seeds...  [0.049s]
Searching alignments...  [0.202s]
Deallocating memory...  [0s]
Processing query block 1, reference block 1/1, shape 1/2, index chunk 2/4.
Building reference seed array...  [0.011s]
Building query seed array...  [2.577s]
Computing hash join...  [1.432s]
Masking low complexity seeds...  [0.021s]
Searching alignments...  [0.034s]
Deallocating memory...  [0s]
Processing query block 1, reference block 1/1, shape 1/2, index chunk 3/4.
Building reference seed array...  [0.017s]
Building query seed array...  [3.243s]
Computing hash join...  [1.572s]
Masking low complexity seeds...  [0.007s]
Searching alignments...  [0.032s]
Deallocating memory...  [0s]
Processing query block 1, reference block 1/1, shape 1/2, index chunk 4/4.
Building reference seed array...  [0.011s]
Building query seed array...  [2.377s]
Computing hash join...  [1.43s]
Masking low complexity seeds...  [0.06s]
Searching alignments...  [0.121s]
Deallocating memory...  [0s]
Processing query block 1, reference block 1/1, shape 2/2, index chunk 1/4.
Building reference seed array...  [0.016s]
Building query seed array...  [2.351s]
Computing hash join...  [1.378s]
Masking low complexity seeds...  [0.017s]
Searching alignments...  [0.072s]
Deallocating memory...  [0s]
Processing query block 1, reference block 1/1, shape 2/2, index chunk 2/4.
Building reference seed array...  [0.018s]
Building query seed array...  [2.517s]
Computing hash join...  [1.347s]
Masking low complexity seeds...  [0.009s]
Searching alignments...  [0.068s]
Deallocating memory...  [0s]
Processing query block 1, reference block 1/1, shape 2/2, index chunk 3/4.
Building reference seed array...  [0.014s]
Building query seed array...  [2.109s]
Computing hash join...  [1.317s]
Masking low complexity seeds...  [0.008s]
Searching alignments...  [0.03s]
Deallocating memory...  [0s]
Processing query block 1, reference block 1/1, shape 2/2, index chunk 4/4.
Building reference seed array...  [0.013s]
Building query seed array...  [2.055s]
Computing hash join...  [1.329s]
Masking low complexity seeds...  [0.084s]
Searching alignments...  [0.129s]
Deallocating memory...  [0s]
Deallocating buffers...  [0.501s]
Clearing query masking...  [1.592s]
Computing alignments... Loading trace points...  [0.044s]
Sorting trace points...  [0.042s]
Computing alignments...  [4.429s]
Deallocating buffers...  [0.002s]
Loading trace points...  [0s]
 [4.524s]
Deallocating reference...  [0s]
Loading reference sequences...  [0.001s]
Deallocating buffers...  [0s]
Deallocating queries...  [0.502s]
Total time = 101.981s
Reported 34865 pairwise alignments, 34865 HSPs.
12631 queries aligned.

real	2m5.798s
user	22m43.065s
sys	8m19.627s
==========================================
结束时间: 
2026-06-29 11:51:13
==========================================
