==========================================
开始时间: 
2026-06-29 13:43:05
==========================================
=== 检查输入文件 ===
-rw-r--r-- 1 root root 71 6月  22 12:06 /metadatadir/sample.txt
total 12
drwxr-xr-x 9 root root 194 6月  26 18:16 .
drwxr-xr-x 1 root root 144 6月  29 13:43 ..
drwxr-xr-x 3 root root 152 6月  27 04:32 CK-1
drwxr-xr-x 3 root root 152 6月  27 01:54 CK-2
drwxr-xr-x 3 root root 152 6月  27 03:28 CK-3
drwxr-xr-x 2 root root 322 6月  27 06:02 length
-rw-r--r-- 1 root root 195 6月  26 18:16 sample1.txt
-rw-r--r-- 1 root root 195 6月  26 18:16 sample2.txt
-rw-r--r-- 1 root root  81 6月  26 18:16 sample.name.txt
drwxr-xr-x 3 root root 152 6月  27 03:27 T-1
drwxr-xr-x 3 root root 152 6月  27 03:44 T-2
drwxr-xr-x 3 root root 152 6月  27 06:02 T-3
-rw-r--r-- 1 root root 1564490047 6月  23 11:38 /prodigal/unique_gene.fasta
-rw-r--r-- 1 root root 236184096 6月  23 20:00 /bowtie/gene_tpm.csv
-rw-r--r-- 1 root root 176933378 6月  26 18:07 /Annotation/gene.taxonomy.csv
=== 开始运行 tax_base ===

载入程辑包：‘dplyr’

The following objects are masked from ‘package:stats’:

    filter, lag

The following objects are masked from ‘package:base’:

    intersect, setdiff, setequal, union

[?25h[?25h[?25h[?25h
载入程辑包：‘plotly’

The following object is masked from ‘package:ggplot2’:

    last_plot

The following object is masked from ‘package:stats’:

    filter

The following object is masked from ‘package:graphics’:

    layout

[?25h[?25h[?25h[?25hError in read.table(file.path(table_dir, file_name), sep = "\t", quote = "",  : 
  输入中没有多出的行
停止执行
[?25h
real	0m18.467s
user	0m7.034s
sys	0m9.506s

载入程辑包：‘dplyr’

The following objects are masked from ‘package:stats’:

    filter, lag

The following objects are masked from ‘package:base’:

    intersect, setdiff, setequal, union

[?25h[?25h[?25h[?25h
载入程辑包：‘plotly’

The following object is masked from ‘package:ggplot2’:

    last_plot

The following object is masked from ‘package:stats’:

    filter

The following object is masked from ‘package:graphics’:

    layout

[?25h[?25h[?25h[?25hWarning messages:
1: [1m[22mRemoved 1210 rows containing missing values (`position_stack()`). 
2: [1m[22mRemoved 1210 rows containing missing values (`position_stack()`). 
[?25h[?25h
real	0m27.334s
user	0m17.392s
sys	0m10.899s
corrplot 0.92 loaded
[?25h载入需要的程辑包：dplyr

载入程辑包：‘dplyr’

The following objects are masked from ‘package:stats’:

    filter, lag

The following objects are masked from ‘package:base’:

    intersect, setdiff, setequal, union

载入需要的程辑包：grid
[?25h[?25h[?25h[?25h[?25h
载入程辑包：‘plotly’

The following object is masked from ‘package:ggplot2’:

    last_plot

The following object is masked from ‘package:stats’:

    filter

The following object is masked from ‘package:graphics’:

    layout

[?25h[?25h[?25hLinking to GEOS 3.12.0, GDAL 3.7.1, PROJ 9.2.1; sf_use_s2() is TRUE
[?25h[?25h[?25h[?25h[?25h[?25h
real	11m4.383s
user	10m26.320s
sys	0m22.802s

real	1m15.095s
user	1m13.321s
sys	0m5.630s
==========================================
结束时间: 
2026-06-29 13:56:12
==========================================
