    
==========================================
开始时间: 
2026-06-29 14:48:07
==========================================
=== 检查输入文件 ===
-rw-r--r-- 1 root root 71 6月  22 12:06 /metadatadir/sample.txt
total 20
drwxr-xr-x 9 root root  224 6月  29 13:43 .
drwxr-xr-x 1 root root  163 6月  29 14:48 ..
-rw-r--r-- 1 root root 5136 6月  29 13:43 assembly_stat.xlsx
drwxr-xr-x 3 root root  152 6月  27 04:32 CK-1
drwxr-xr-x 3 root root  152 6月  27 01:54 CK-2
drwxr-xr-x 3 root root  152 6月  27 03:28 CK-3
drwxr-xr-x 2 root root  322 6月  27 06:02 length
-rw-r--r-- 1 root root  195 6月  26 18:16 sample1.txt
-rw-r--r-- 1 root root  195 6月  26 18:16 sample2.txt
-rw-r--r-- 1 root root   81 6月  26 18:16 sample.name.txt
drwxr-xr-x 3 root root  152 6月  27 03:27 T-1
drwxr-xr-x 3 root root  152 6月  27 03:44 T-2
drwxr-xr-x 3 root root  152 6月  27 06:02 T-3
-rw-r--r-- 1 root root 1564490047 6月  23 11:38 /prodigal/unique_gene.fasta
-rw-r--r-- 1 root root 236184096 6月  23 20:00 /bowtie/gene_tpm.csv
-rw-r--r-- 1 root root 176933378 6月  26 18:07 /Annotation/gene.taxonomy.csv
=== 开始运行 tax_base 优化版 ===
[2026-06-29 14:48:08] INFO: 开始 MEGAHIT 长度统计图
[2026-06-29 14:48:08] INFO: 执行命令: /root/anaconda3/envs/r/bin/Rscript /root/microbiome/microbiome/metage_megahit/length_count_update.R /megahit/length /metadatadir /home/xydeng/Metagenomics/Result_update

载入程辑包：‘dplyr’

The following objects are masked from ‘package:stats’:

    filter, lag

The following objects are masked from ‘package:base’:

    intersect, setdiff, setequal, union

[?25h[?25h[?25h[?25h
载入程辑包：‘plotly’

The following object is masked from ‘package:ggplot2’:

    last_plot

The following object is masked from ‘package:stats’:

    filter

The following object is masked from ‘package:graphics’:

    layout

[?25h[?25h[?25h[?25hWarning messages:
1: 长度文件为空或只有表头，跳过: /megahit/length/CK-1_length.txt 
2: 长度文件为空或只有表头，跳过: /megahit/length/CK-2_length.txt 
3: 长度文件为空或只有表头，跳过: /megahit/length/CK-3_length.txt 
4: 长度文件为空或只有表头，跳过: /megahit/length/T-1_length.txt 
5: 长度文件为空或只有表头，跳过: /megahit/length/T-2_length.txt 
6: 长度文件为空或只有表头，跳过: /megahit/length/T-3_length.txt 
7: group group1 没有有效的长度数据，跳过绘图 
[?25h[?25h[2026-06-29 14:48:11] INFO: 开始复制组装结果到各分组
[2026-06-29 14:48:11] INFO: 执行命令: awk 'NR!=1 {print}' /metadatadir/sample.txt|while read id;do
CK-1
CK-2
CK-3
T-1
T-2
T-3
[2026-06-29 14:48:11] INFO: 开始生成组装统计表
[2026-06-29 14:48:11] INFO: MEGAHIT 统计完成

real	0m3.989s
user	0m4.523s
sys	0m7.802s
[2026-06-29 14:48:12] INFO: 开始绘制基因长度分布图
[2026-06-29 14:48:12] INFO: 执行命令: /root/anaconda3/envs/r/bin/Rscript /scripts/gene_length.R /prodigal /metadatadir /home/xydeng/Metagenomics/Result_update

载入程辑包：‘dplyr’

The following objects are masked from ‘package:stats’:

    filter, lag

The following objects are masked from ‘package:base’:

    intersect, setdiff, setequal, union

[?25h[?25h[?25h[?25h
载入程辑包：‘plotly’

The following object is masked from ‘package:ggplot2’:

    last_plot

The following object is masked from ‘package:stats’:

    filter

The following object is masked from ‘package:graphics’:

    layout

[?25h[?25h[?25h[?25hWarning messages:
1: [1m[22mRemoved 1210 rows containing missing values (`position_stack()`). 
2: [1m[22mRemoved 1210 rows containing missing values (`position_stack()`). 
[?25h[?25h[2026-06-29 14:48:27] INFO: 开始生成基因集统计表
[2026-06-29 14:48:27] INFO: 执行命令: ls -d /home/xydeng/Metagenomics/Result_update/*/3-GenePredict | xargs -i cp /prodigal/unique_gene.stat.xlsx {}
[2026-06-29 14:48:29] INFO: Prodigal 统计完成

real	0m17.675s
user	0m16.032s
sys	0m10.664s
[2026-06-29 14:48:29] INFO: 开始绘制样本相关性热图和 Venn 图
[2026-06-29 14:48:29] INFO: 执行命令: /root/anaconda3/envs/r/bin/Rscript /scripts/sample.corr_heatmap.R /bowtie /metadatadir /home/xydeng/Metagenomics/Result_update
corrplot 0.92 loaded
[?25h载入需要的程辑包：dplyr

载入程辑包：‘dplyr’

The following objects are masked from ‘package:stats’:

    filter, lag

The following objects are masked from ‘package:base’:

    intersect, setdiff, setequal, union

载入需要的程辑包：grid
[?25h[?25h[?25h[?25h[?25h
载入程辑包：‘plotly’

The following object is masked from ‘package:ggplot2’:

    last_plot

The following object is masked from ‘package:stats’:

    filter

The following object is masked from ‘package:graphics’:

    layout

[?25h[?25h[?25hLinking to GEOS 3.12.0, GDAL 3.7.1, PROJ 9.2.1; sf_use_s2() is TRUE
[?25h[?25h[?25h[?25h[?25h[?25h[2026-06-29 14:58:49] INFO: 开始复制基因丰度表
[2026-06-29 14:58:49] INFO: 执行命令: ls -d /home/xydeng/Metagenomics/Result_update/*/4-GeneAbundance | xargs -i cp /bowtie/gene_tpm.csv {}
[2026-06-29 14:58:49] INFO: BWA 统计完成

real	10m20.045s
user	10m7.285s
sys	0m21.833s
[2026-06-29 14:58:50] INFO: 开始生成物种丰度表
[2026-06-29 15:00:04] INFO: 开始生成 Krona 图
[2026-06-29 15:00:10] INFO: 生成 Krona 图: /home/xydeng/Metagenomics/Result_update/group1/5-TaxAnnotation/2.Krona
[2026-06-29 15:00:15] INFO: 物种统计完成

real	1m26.468s
user	1m23.099s
sys	0m5.034s
==========================================
结束时间: 
2026-06-29 15:00:16
==========================================
