==========================================
开始时间: 
2026-06-29 15:53:35
==========================================
=== 检查输入文件 ===
-rw-r--r-- 1 root root 71 6月  22 12:06 /metadatadir/sample.txt
/Annotation:
total 172796
drwxr-xr-x 12 root root       249 6月  29 15:00 .
drwxr-xr-x  1 root root       234 6月  29 15:53 ..
drwxr-xr-x  2 root root        70 6月  26 18:07 All
drwxr-xr-x  2 root root        10 6月  26 18:07 Archaea
drwxr-xr-x  2 root root        10 6月  26 18:07 bacteria
drwxr-xr-x  2 root root        98 6月  26 18:09 CAZy
drwxr-xr-x  2 root root        72 6月  26 18:09 eggNOG
drwxr-xr-x  2 root root        10 6月  26 18:07 Fungi
-rw-r--r--  1 root root 176933378 6月  26 18:07 gene.taxonomy.csv
drwxr-xr-x  2 root root        32 6月  26 18:10 GO
drwxr-xr-x  2 root root       115 6月  26 18:09 KEGG
drwxr-xr-x  2 root root       127 6月  29 15:00 krona
-rw-r--r--  1 root root        93 6月  29 15:00 krona.log
-rw-r--r--  1 root root       257 6月  29 15:00 krona.sh
drwxr-xr-x  2 root root        10 6月  26 18:07 Virus

/ARGs:
total 89632
drwxr-xr-x 2 root root       91 6月  29 11:39 .
drwxr-xr-x 1 root root      234 6月  29 15:53 ..
-rw-r--r-- 1 root root     8268 6月  29 11:39 ARG.Category.tpm.xlsx
-rw-r--r-- 1 root root 80173392 6月  29 11:39 ARGs_anno.txt
-rw-r--r-- 1 root root 11592928 6月  29 11:39 ARG.tpm.csv

/BacMet2:
total 252832
drwxr-xr-x 2 root root        64 6月  29 11:49 .
drwxr-xr-x 1 root root       234 6月  29 15:53 ..
-rw-r--r-- 1 root root  12355823 6月  29 11:49 BacMet2.tpm.csv
-rw-r--r-- 1 root root 246540350 6月  29 11:48 BacMet_anno.txt

/CycDB:
total 4328
drwxr-xr-x 2 root root    4096 6月  29 11:37 .
drwxr-xr-x 1 root root     234 6月  29 15:53 ..
-rw-r--r-- 1 root root    6088 6月  29 11:36 Carbon_Cycle_pathway.xlsx
-rw-r--r-- 1 root root 2032790 6月  29 11:36 Carbon_Cycle.xlsx
-rw-r--r-- 1 root root    6089 6月  29 11:37 Methane_Cycle_pathway.xlsx
-rw-r--r-- 1 root root  196237 6月  29 11:37 Methane_Cycle.xlsx
-rw-r--r-- 1 root root    6587 6月  29 11:37 Nitrogen_Cycle_pathway.xlsx
-rw-r--r-- 1 root root  250886 6月  29 11:37 Nitrogen_Cycle.xlsx
-rw-r--r-- 1 root root    6614 6月  29 11:37 phosphorylation_Cycle_pathway.xlsx
-rw-r--r-- 1 root root 1537277 6月  29 11:37 phosphorylation_Cycle.xlsx
-rw-r--r-- 1 root root    6511 6月  29 11:37 Sulfur_Cycle_pathway.xlsx
-rw-r--r-- 1 root root  359444 6月  29 11:37 Sulfur_Cycle.xlsx

/mobileOGs:
total 513808
drwxr-xr-x 2 root root        67 6月  29 11:45 .
drwxr-xr-x 1 root root       234 6月  29 15:53 ..
-rw-r--r-- 1 root root 493973671 6月  29 11:43 mobileOG_anno.txt
-rw-r--r-- 1 root root  32158980 6月  29 11:45 mobileOG.tpm.csv

/QS:
total 8240
drwxr-xr-x 2 root root      55 6月  29 11:51 .
drwxr-xr-x 1 root root     234 6月  29 15:53 ..
-rw-r--r-- 1 root root 3023526 6月  29 11:50 QS_anno.txt
-rw-r--r-- 1 root root 5408562 6月  29 11:51 QS.tpm.csv

/VFDB:
total 59856
drwxr-xr-x 2 root root      115 6月  29 11:36 .
drwxr-xr-x 1 root root      234 6月  29 15:53 ..
-rw-r--r-- 1 root root 10916137 6月  29 11:36 gene.vf.tpm.csv
-rw-r--r-- 1 root root 50342414 6月  29 11:35 vf_anno.txt
-rw-r--r-- 1 root root     6888 6月  29 11:36 vf.category.tpm.xlsx
-rw-r--r-- 1 root root    17910 6月  29 11:36 vf.tpm.xlsx
=== 开始运行 func_base 优化版 ===
[2026-06-29 15:53:37] INFO: 开始生成功能注释丰度表
[2026-06-29 15:57:26] INFO: 功能注释统计完成

real	3m50.429s
user	3m40.393s
sys	0m12.571s
[2026-06-29 15:57:27] INFO: 开始生成 CycDB 统计表
[2026-06-29 15:57:44] INFO: CycDB 统计完成

real	0m17.406s
user	0m17.698s
sys	0m4.155s
[2026-06-29 15:57:45] INFO: 开始生成 ARGs 统计表
[2026-06-29 15:57:46] INFO: ARGs 统计完成

real	0m2.902s
user	0m3.375s
sys	0m3.731s
[2026-06-29 15:57:47] INFO: 开始生成 VFDB 统计表
[2026-06-29 15:57:49] INFO: VFDB 统计完成

real	0m2.511s
user	0m2.787s
sys	0m3.872s
[2026-06-29 15:57:50] INFO: 开始生成 mobileOG 统计表
[2026-06-29 15:58:06] INFO: mobileOG 统计完成

real	0m17.376s
user	0m16.687s
sys	0m3.612s
[2026-06-29 15:58:07] INFO: 开始生成 BacMet2 统计表
[2026-06-29 15:58:10] INFO: BacMet2 统计完成

real	0m3.227s
user	0m3.363s
sys	0m4.074s
[2026-06-29 15:58:10] INFO: 开始生成 QS 统计表
[2026-06-29 15:58:12] INFO: QS 统计完成

real	0m2.645s
user	0m2.528s
sys	0m3.030s
==========================================
结束时间: 
2026-06-29 15:58:12
==========================================
