==========================================
开始时间: 
2026-06-29 17:10:22
==========================================
=== 检查输入文件 ===
-rw-r--r-- 1 root root 71 6月  22 12:06 /metadatadir/sample.txt
-rw-r--r-- 1 root root 176933378 6月  26 18:07 /Annotation/gene.taxonomy.csv
total 0
drwxr-xr-x  3 root root  28 6月  29 14:44 .
drwxr-xr-x  1 root root 105 6月  29 17:10 ..
drwxr-xr-x 13 root root 264 6月  29 15:58 group1
=== 开始运行 tax_diff ===

real	13m4.930s
user	11m34.148s
sys	4m11.138s
start deal All phylum data!
read tax_dat file /Result/group1/5-TaxAnnotation/1.Tables/Samples/All/phylum.xlsx
start anova
anova over
start deal All class data!
read tax_dat file /Result/group1/5-TaxAnnotation/1.Tables/Samples/All/class.xlsx
start anova
anova over
start deal All order data!
read tax_dat file /Result/group1/5-TaxAnnotation/1.Tables/Samples/All/order.xlsx
start anova
anova over
start deal All family data!
read tax_dat file /Result/group1/5-TaxAnnotation/1.Tables/Samples/All/family.xlsx
start anova
anova over
start deal All genus data!
read tax_dat file /Result/group1/5-TaxAnnotation/1.Tables/Samples/All/genus.xlsx
start anova
anova over
start deal All species data!
read tax_dat file /Result/group1/5-TaxAnnotation/1.Tables/Samples/All/species.xlsx
start anova
anova over
start deal Archaea phylum data!
read tax_dat file /Result/group1/5-TaxAnnotation/1.Tables/Samples/Archaea/phylum.xlsx
start anova
anova over
start deal Archaea class data!
read tax_dat file /Result/group1/5-TaxAnnotation/1.Tables/Samples/Archaea/class.xlsx
start anova
anova over
start deal Archaea order data!
read tax_dat file /Result/group1/5-TaxAnnotation/1.Tables/Samples/Archaea/order.xlsx
start anova
anova over
start deal Archaea family data!
read tax_dat file /Result/group1/5-TaxAnnotation/1.Tables/Samples/Archaea/family.xlsx
start anova
anova over
start deal Archaea genus data!
read tax_dat file /Result/group1/5-TaxAnnotation/1.Tables/Samples/Archaea/genus.xlsx
start anova
anova over
start deal Archaea species data!
read tax_dat file /Result/group1/5-TaxAnnotation/1.Tables/Samples/Archaea/species.xlsx
start anova
anova over
start deal bacteria phylum data!
read tax_dat file /Result/group1/5-TaxAnnotation/1.Tables/Samples/bacteria/phylum.xlsx
start anova
anova over
start deal bacteria class data!
read tax_dat file /Result/group1/5-TaxAnnotation/1.Tables/Samples/bacteria/class.xlsx
start anova
anova over
start deal bacteria order data!
read tax_dat file /Result/group1/5-TaxAnnotation/1.Tables/Samples/bacteria/order.xlsx
start anova
anova over
start deal bacteria family data!
read tax_dat file /Result/group1/5-TaxAnnotation/1.Tables/Samples/bacteria/family.xlsx
start anova
anova over
start deal bacteria genus data!
read tax_dat file /Result/group1/5-TaxAnnotation/1.Tables/Samples/bacteria/genus.xlsx
start anova
anova over
start deal bacteria species data!
read tax_dat file /Result/group1/5-TaxAnnotation/1.Tables/Samples/bacteria/species.xlsx
start anova
anova over
start deal Fungi phylum data!
read tax_dat file /Result/group1/5-TaxAnnotation/1.Tables/Samples/Fungi/phylum.xlsx
start anova
anova over
start deal Fungi class data!
read tax_dat file /Result/group1/5-TaxAnnotation/1.Tables/Samples/Fungi/class.xlsx
start anova
anova over
start deal Fungi order data!
read tax_dat file /Result/group1/5-TaxAnnotation/1.Tables/Samples/Fungi/order.xlsx
start anova
anova over
start deal Fungi family data!
read tax_dat file /Result/group1/5-TaxAnnotation/1.Tables/Samples/Fungi/family.xlsx
start anova
anova over
start deal Fungi genus data!
read tax_dat file /Result/group1/5-TaxAnnotation/1.Tables/Samples/Fungi/genus.xlsx
start anova
anova over
start deal Fungi species data!
read tax_dat file /Result/group1/5-TaxAnnotation/1.Tables/Samples/Fungi/species.xlsx
start anova
anova over
start deal Virus phylum data!
read tax_dat file /Result/group1/5-TaxAnnotation/1.Tables/Samples/Virus/phylum.xlsx
start anova
anova over
start deal Virus class data!
read tax_dat file /Result/group1/5-TaxAnnotation/1.Tables/Samples/Virus/class.xlsx
start anova
anova over
start deal Virus order data!
read tax_dat file /Result/group1/5-TaxAnnotation/1.Tables/Samples/Virus/order.xlsx
start anova
anova over
start deal Virus family data!
read tax_dat file /Result/group1/5-TaxAnnotation/1.Tables/Samples/Virus/family.xlsx
start anova
anova over
start deal Virus genus data!
read tax_dat file /Result/group1/5-TaxAnnotation/1.Tables/Samples/Virus/genus.xlsx
start anova
anova over
start deal Virus species data!
read tax_dat file /Result/group1/5-TaxAnnotation/1.Tables/Samples/Virus/species.xlsx
start anova
anova over
start deal All phylum data!
read tax_dat file /Result/group1/5-TaxAnnotation/1.Tables/Samples/All/phylum.xlsx
start wilcoxon
wilcoxon over
start deal All class data!
read tax_dat file /Result/group1/5-TaxAnnotation/1.Tables/Samples/All/class.xlsx
start wilcoxon
wilcoxon over
start deal All order data!
read tax_dat file /Result/group1/5-TaxAnnotation/1.Tables/Samples/All/order.xlsx
start wilcoxon
wilcoxon over
start deal All family data!
read tax_dat file /Result/group1/5-TaxAnnotation/1.Tables/Samples/All/family.xlsx
start wilcoxon
wilcoxon over
start deal All genus data!
read tax_dat file /Result/group1/5-TaxAnnotation/1.Tables/Samples/All/genus.xlsx
start wilcoxon
wilcoxon over
start deal All species data!
read tax_dat file /Result/group1/5-TaxAnnotation/1.Tables/Samples/All/species.xlsx
start wilcoxon
wilcoxon over
start deal Archaea phylum data!
read tax_dat file /Result/group1/5-TaxAnnotation/1.Tables/Samples/Archaea/phylum.xlsx
start wilcoxon
wilcoxon over
start deal Archaea class data!
read tax_dat file /Result/group1/5-TaxAnnotation/1.Tables/Samples/Archaea/class.xlsx
start wilcoxon
wilcoxon over
start deal Archaea order data!
read tax_dat file /Result/group1/5-TaxAnnotation/1.Tables/Samples/Archaea/order.xlsx
start wilcoxon
wilcoxon over
start deal Archaea family data!
read tax_dat file /Result/group1/5-TaxAnnotation/1.Tables/Samples/Archaea/family.xlsx
start wilcoxon
wilcoxon over
start deal Archaea genus data!
read tax_dat file /Result/group1/5-TaxAnnotation/1.Tables/Samples/Archaea/genus.xlsx
start wilcoxon
wilcoxon over
start deal Archaea species data!
read tax_dat file /Result/group1/5-TaxAnnotation/1.Tables/Samples/Archaea/species.xlsx
start wilcoxon
wilcoxon over
start deal bacteria phylum data!
read tax_dat file /Result/group1/5-TaxAnnotation/1.Tables/Samples/bacteria/phylum.xlsx
start wilcoxon
wilcoxon over
start deal bacteria class data!
read tax_dat file /Result/group1/5-TaxAnnotation/1.Tables/Samples/bacteria/class.xlsx
start wilcoxon
wilcoxon over
start deal bacteria order data!
read tax_dat file /Result/group1/5-TaxAnnotation/1.Tables/Samples/bacteria/order.xlsx
start wilcoxon
wilcoxon over
start deal bacteria family data!
read tax_dat file /Result/group1/5-TaxAnnotation/1.Tables/Samples/bacteria/family.xlsx
start wilcoxon
wilcoxon over
start deal bacteria genus data!
read tax_dat file /Result/group1/5-TaxAnnotation/1.Tables/Samples/bacteria/genus.xlsx
start wilcoxon
wilcoxon over
start deal bacteria species data!
read tax_dat file /Result/group1/5-TaxAnnotation/1.Tables/Samples/bacteria/species.xlsx
start wilcoxon
wilcoxon over
start deal Fungi phylum data!
read tax_dat file /Result/group1/5-TaxAnnotation/1.Tables/Samples/Fungi/phylum.xlsx
start wilcoxon
wilcoxon over
start deal Fungi class data!
read tax_dat file /Result/group1/5-TaxAnnotation/1.Tables/Samples/Fungi/class.xlsx
start wilcoxon
wilcoxon over
start deal Fungi order data!
read tax_dat file /Result/group1/5-TaxAnnotation/1.Tables/Samples/Fungi/order.xlsx
start wilcoxon
wilcoxon over
start deal Fungi family data!
read tax_dat file /Result/group1/5-TaxAnnotation/1.Tables/Samples/Fungi/family.xlsx
start wilcoxon
wilcoxon over
start deal Fungi genus data!
read tax_dat file /Result/group1/5-TaxAnnotation/1.Tables/Samples/Fungi/genus.xlsx
start wilcoxon
wilcoxon over
start deal Fungi species data!
read tax_dat file /Result/group1/5-TaxAnnotation/1.Tables/Samples/Fungi/species.xlsx
start wilcoxon
wilcoxon over
start deal Virus phylum data!
read tax_dat file /Result/group1/5-TaxAnnotation/1.Tables/Samples/Virus/phylum.xlsx
start wilcoxon
wilcoxon over
start deal Virus class data!
read tax_dat file /Result/group1/5-TaxAnnotation/1.Tables/Samples/Virus/class.xlsx
start wilcoxon
wilcoxon over
start deal Virus order data!
read tax_dat file /Result/group1/5-TaxAnnotation/1.Tables/Samples/Virus/order.xlsx
start wilcoxon
wilcoxon over
start deal Virus family data!
read tax_dat file /Result/group1/5-TaxAnnotation/1.Tables/Samples/Virus/family.xlsx
start wilcoxon
wilcoxon over
start deal Virus genus data!
read tax_dat file /Result/group1/5-TaxAnnotation/1.Tables/Samples/Virus/genus.xlsx
start wilcoxon
wilcoxon over
start deal Virus species data!
read tax_dat file /Result/group1/5-TaxAnnotation/1.Tables/Samples/Virus/species.xlsx
start wilcoxon
wilcoxon over
